main.c:167:5:main	8	static
main.c:251:6:SystemClock_Config	88	static
main.c:308:13:MX_NVIC_Init	8	static
main.c:319:6:Gestion_Commandes	4	static
main.c:885:6:controle	8	static
main.c:897:6:ACS	4	static
main.c:991:6:Calcul_Vit	24	static
main.c:1021:6:regulateur	24	static
main.c:1112:6:park	56	static
main.c:1251:6:attentePark	40	static
main.c:1377:6:addon	8	static
main.c:1385:5:respectTime	16	static
main.c:1401:6:HAL_UART_RxCpltCallback	16	static
main.c:1504:6:HAL_ADC_ConvCpltCallback	16	static
main.c:1514:6:HAL_TIM_PeriodElapsedCallback	16	static
main.c:1555:6:HAL_TIM_IC_CaptureCallback	24	static
main.c:1576:6:HAL_GPIO_EXTI_Callback	32	static
main.c:1595:6:HAL_GPIO_ACQ_SONAR	8	static
main.c:1598:6:HAL_MOV_SERVO	8	static
main.c:1607:6:HAL_ADC_LevelOutOfWindowCallback	16	static
main.c:1619:6:_Error_Handler	16	static
main.c:1637:6:assert_failed	16	static
