main.c:169:5:main	8	static
main.c:255:6:SystemClock_Config	88	static
main.c:312:13:MX_NVIC_Init	8	static
main.c:323:6:Gestion_Commandes	4	static
main.c:889:6:controle	8	static
main.c:904:6:ACS	4	static
main.c:998:6:Calcul_Vit	4	static
main.c:1026:6:regulateur	24	static
main.c:1117:6:park	56	static
main.c:1257:6:attentePark	40	static
main.c:1392:6:addon	8	static
main.c:1400:5:respectTime	16	static
main.c:1416:6:HAL_UART_RxCpltCallback	16	static
main.c:1519:6:HAL_ADC_ConvCpltCallback	16	static
main.c:1529:6:HAL_TIM_PeriodElapsedCallback	16	static
main.c:1570:6:HAL_TIM_IC_CaptureCallback	24	static
main.c:1591:6:HAL_GPIO_EXTI_Callback	32	static
main.c:1610:6:HAL_GPIO_ACQ_SONAR	8	static
main.c:1613:6:HAL_MOV_SERVO	8	static
main.c:1622:6:HAL_ADC_LevelOutOfWindowCallback	16	static
main.c:1634:6:_Error_Handler	16	static
main.c:1652:6:assert_failed	16	static
