Archive member included to satisfy reference by file (symbol)

c:/program files (x86)/atollic/truestudio for stm32 9.0.0/armtools/bin/../lib/gcc/arm-atollic-eabi/6.3.1/../../../../arm-atollic-eabi/lib/armv7-m\libc_nano.a(lib_a-init.o)
                              Application\TrueSTUDIO\startup_stm32f103xb.o (__libc_init_array)
c:/program files (x86)/atollic/truestudio for stm32 9.0.0/armtools/bin/../lib/gcc/arm-atollic-eabi/6.3.1/../../../../arm-atollic-eabi/lib/armv7-m\libc_nano.a(lib_a-snprintf.o)
                              Application\User\main.o (snprintf)
c:/program files (x86)/atollic/truestudio for stm32 9.0.0/armtools/bin/../lib/gcc/arm-atollic-eabi/6.3.1/../../../../arm-atollic-eabi/lib/armv7-m\libc_nano.a(lib_a-impure.o)
                              c:/program files (x86)/atollic/truestudio for stm32 9.0.0/armtools/bin/../lib/gcc/arm-atollic-eabi/6.3.1/../../../../arm-atollic-eabi/lib/armv7-m\libc_nano.a(lib_a-snprintf.o) (_impure_ptr)
c:/program files (x86)/atollic/truestudio for stm32 9.0.0/armtools/bin/../lib/gcc/arm-atollic-eabi/6.3.1/../../../../arm-atollic-eabi/lib/armv7-m\libc_nano.a(lib_a-nano-svfprintf.o)
                              c:/program files (x86)/atollic/truestudio for stm32 9.0.0/armtools/bin/../lib/gcc/arm-atollic-eabi/6.3.1/../../../../arm-atollic-eabi/lib/armv7-m\libc_nano.a(lib_a-snprintf.o) (_svfprintf_r)
c:/program files (x86)/atollic/truestudio for stm32 9.0.0/armtools/bin/../lib/gcc/arm-atollic-eabi/6.3.1/../../../../arm-atollic-eabi/lib/armv7-m\libc_nano.a(lib_a-nano-vfprintf_i.o)
                              c:/program files (x86)/atollic/truestudio for stm32 9.0.0/armtools/bin/../lib/gcc/arm-atollic-eabi/6.3.1/../../../../arm-atollic-eabi/lib/armv7-m\libc_nano.a(lib_a-nano-svfprintf.o) (_printf_i)
c:/program files (x86)/atollic/truestudio for stm32 9.0.0/armtools/bin/../lib/gcc/arm-atollic-eabi/6.3.1/../../../../arm-atollic-eabi/lib/armv7-m\libc_nano.a(lib_a-memchr-stub.o)
                              c:/program files (x86)/atollic/truestudio for stm32 9.0.0/armtools/bin/../lib/gcc/arm-atollic-eabi/6.3.1/../../../../arm-atollic-eabi/lib/armv7-m\libc_nano.a(lib_a-nano-svfprintf.o) (memchr)
c:/program files (x86)/atollic/truestudio for stm32 9.0.0/armtools/bin/../lib/gcc/arm-atollic-eabi/6.3.1/../../../../arm-atollic-eabi/lib/armv7-m\libc_nano.a(lib_a-memcpy-stub.o)
                              c:/program files (x86)/atollic/truestudio for stm32 9.0.0/armtools/bin/../lib/gcc/arm-atollic-eabi/6.3.1/../../../../arm-atollic-eabi/lib/armv7-m\libc_nano.a(lib_a-nano-svfprintf.o) (memcpy)
c:/program files (x86)/atollic/truestudio for stm32 9.0.0/armtools/bin/../lib/gcc/arm-atollic-eabi/6.3.1/../../../../arm-atollic-eabi/lib/armv7-m\libc_nano.a(lib_a-memmove.o)
                              c:/program files (x86)/atollic/truestudio for stm32 9.0.0/armtools/bin/../lib/gcc/arm-atollic-eabi/6.3.1/../../../../arm-atollic-eabi/lib/armv7-m\libc_nano.a(lib_a-nano-svfprintf.o) (memmove)
c:/program files (x86)/atollic/truestudio for stm32 9.0.0/armtools/bin/../lib/gcc/arm-atollic-eabi/6.3.1/../../../../arm-atollic-eabi/lib/armv7-m\libc_nano.a(lib_a-nano-freer.o)
                              c:/program files (x86)/atollic/truestudio for stm32 9.0.0/armtools/bin/../lib/gcc/arm-atollic-eabi/6.3.1/../../../../arm-atollic-eabi/lib/armv7-m\libc_nano.a(lib_a-nano-svfprintf.o) (_free_r)
c:/program files (x86)/atollic/truestudio for stm32 9.0.0/armtools/bin/../lib/gcc/arm-atollic-eabi/6.3.1/../../../../arm-atollic-eabi/lib/armv7-m\libc_nano.a(lib_a-nano-mallocr.o)
                              c:/program files (x86)/atollic/truestudio for stm32 9.0.0/armtools/bin/../lib/gcc/arm-atollic-eabi/6.3.1/../../../../arm-atollic-eabi/lib/armv7-m\libc_nano.a(lib_a-nano-svfprintf.o) (_malloc_r)
c:/program files (x86)/atollic/truestudio for stm32 9.0.0/armtools/bin/../lib/gcc/arm-atollic-eabi/6.3.1/../../../../arm-atollic-eabi/lib/armv7-m\libc_nano.a(lib_a-nano-reallocr.o)
                              c:/program files (x86)/atollic/truestudio for stm32 9.0.0/armtools/bin/../lib/gcc/arm-atollic-eabi/6.3.1/../../../../arm-atollic-eabi/lib/armv7-m\libc_nano.a(lib_a-nano-svfprintf.o) (_realloc_r)
c:/program files (x86)/atollic/truestudio for stm32 9.0.0/armtools/bin/../lib/gcc/arm-atollic-eabi/6.3.1/../../../../arm-atollic-eabi/lib/armv7-m\libc_nano.a(lib_a-sbrkr.o)
                              c:/program files (x86)/atollic/truestudio for stm32 9.0.0/armtools/bin/../lib/gcc/arm-atollic-eabi/6.3.1/../../../../arm-atollic-eabi/lib/armv7-m\libc_nano.a(lib_a-nano-mallocr.o) (_sbrk_r)
c:/program files (x86)/atollic/truestudio for stm32 9.0.0/armtools/bin/../lib/gcc/arm-atollic-eabi/6.3.1/../../../../arm-atollic-eabi/lib/armv7-m\libc_nano.a(lib_a-mlock.o)
                              c:/program files (x86)/atollic/truestudio for stm32 9.0.0/armtools/bin/../lib/gcc/arm-atollic-eabi/6.3.1/../../../../arm-atollic-eabi/lib/armv7-m\libc_nano.a(lib_a-nano-freer.o) (__malloc_lock)
[...]
Memory Configuration

Name             Origin             Length             Attributes
RAM              0x20000000         0x00005000         xrw
FLASH            0x08000000         0x00020000         xr
*default*        0x00000000         0xffffffff

Linker script and memory map

LOAD c:/program files (x86)/atollic/truestudio for stm32 9.0.0/armtools/bin/../lib/gcc/arm-atollic-eabi/6.3.1/armv7-m/crti.o
LOAD c:/program files (x86)/atollic/truestudio for stm32 9.0.0/armtools/bin/../lib/gcc/arm-atollic-eabi/6.3.1/armv7-m/crtbegin.o
LOAD Application\TrueSTUDIO\startup_stm32f103xb.o
LOAD Application\User\adc.o
LOAD Application\User\dma.o
LOAD Application\User\gpio.o
LOAD Application\User\main.o
LOAD Application\User\stm32f1xx_hal_msp.o
LOAD Application\User\stm32f1xx_it.o
LOAD Application\User\tim.o
LOAD Application\User\usart.o
LOAD Drivers\CMSIS\system_stm32f1xx.o
LOAD Drivers\STM32F1xx_HAL_Driver\stm32f1xx_hal.o
LOAD Drivers\STM32F1xx_HAL_Driver\stm32f1xx_hal_adc.o
LOAD Drivers\STM32F1xx_HAL_Driver\stm32f1xx_hal_adc_ex.o
LOAD Drivers\STM32F1xx_HAL_Driver\stm32f1xx_hal_cortex.o
LOAD Drivers\STM32F1xx_HAL_Driver\stm32f1xx_hal_dma.o
LOAD Drivers\STM32F1xx_HAL_Driver\stm32f1xx_hal_flash.o
LOAD Drivers\STM32F1xx_HAL_Driver\stm32f1xx_hal_flash_ex.o
LOAD Drivers\STM32F1xx_HAL_Driver\stm32f1xx_hal_gpio.o
LOAD Drivers\STM32F1xx_HAL_Driver\stm32f1xx_hal_gpio_ex.o
LOAD Drivers\STM32F1xx_HAL_Driver\stm32f1xx_hal_pwr.o
LOAD Drivers\STM32F1xx_HAL_Driver\stm32f1xx_hal_rcc.o
LOAD Drivers\STM32F1xx_HAL_Driver\stm32f1xx_hal_rcc_ex.o
LOAD Drivers\STM32F1xx_HAL_Driver\stm32f1xx_hal_tim.o
LOAD Drivers\STM32F1xx_HAL_Driver\stm32f1xx_hal_tim_ex.o
LOAD Drivers\STM32F1xx_HAL_Driver\stm32f1xx_hal_uart.o
                0x00000080                malloc_getpagesize_P = 0x80
START GROUP
LOAD c:/program files (x86)/atollic/truestudio for stm32 9.0.0/armtools/bin/../lib/gcc/arm-atollic-eabi/6.3.1/../../../../arm-atollic-eabi/lib/armv7-m\libc_nano.a
LOAD c:/program files (x86)/atollic/truestudio for stm32 9.0.0/armtools/bin/../lib/gcc/arm-atollic-eabi/6.3.1/../../../../arm-atollic-eabi/lib/armv7-m\libm.a
END GROUP
START GROUP
LOAD c:/program files (x86)/atollic/truestudio for stm32 9.0.0/armtools/bin/../lib/gcc/arm-atollic-eabi/6.3.1/armv7-m\libgcc.a
LOAD c:/program files (x86)/atollic/truestudio for stm32 9.0.0/armtools/bin/../lib/gcc/arm-atollic-eabi/6.3.1/../../../../arm-atollic-eabi/lib/armv7-m\libc_nano.a
END GROUP
START GROUP
LOAD c:/program files (x86)/atollic/truestudio for stm32 9.0.0/armtools/bin/../lib/gcc/arm-atollic-eabi/6.3.1/armv7-m\libgcc.a
LOAD c:/program files (x86)/atollic/truestudio for stm32 9.0.0/armtools/bin/../lib/gcc/arm-atollic-eabi/6.3.1/../../../../arm-atollic-eabi/lib/armv7-m\libc_nano.a
LOAD c:/program files (x86)/atollic/truestudio for stm32 9.0.0/armtools/bin/../lib/gcc/arm-atollic-eabi/6.3.1/../../../../arm-atollic-eabi/lib/armv7-m\libnosys.a
END GROUP
START GROUP
LOAD c:/program files (x86)/atollic/truestudio for stm32 9.0.0/armtools/bin/../lib/gcc/arm-atollic-eabi/6.3.1/armv7-m\libgcc.a
LOAD c:/program files (x86)/atollic/truestudio for stm32 9.0.0/armtools/bin/../lib/gcc/arm-atollic-eabi/6.3.1/../../../../arm-atollic-eabi/lib/armv7-m\libc_nano.a
LOAD c:/program files (x86)/atollic/truestudio for stm32 9.0.0/armtools/bin/../lib/gcc/arm-atollic-eabi/6.3.1/../../../../arm-atollic-eabi/lib/armv7-m\libnosys.a
END GROUP
LOAD c:/program files (x86)/atollic/truestudio for stm32 9.0.0/armtools/bin/../lib/gcc/arm-atollic-eabi/6.3.1/armv7-m/crtend.o
LOAD c:/program files (x86)/atollic/truestudio for stm32 9.0.0/armtools/bin/../lib/gcc/arm-atollic-eabi/6.3.1/armv7-m/crtn.o
                0x20005000                _estack = 0x20005000
                0x00000200                _Min_Heap_Size = 0x200
                0x00000400                _Min_Stack_Size = 0x400

.isr_vector     0x08000000      0x10c
                0x08000000                . = ALIGN (0x4)
 *(.isr_vector)
 .isr_vector    0x08000000      0x10c Application\TrueSTUDIO\startup_stm32f103xb.o
                0x08000000                g_pfnVectors
                0x0800010c                . = ALIGN (0x4)

.text           0x0800010c     0x96e8
                0x0800010c                . = ALIGN (0x4)
 *(.text)
 .text          0x0800010c       0x40 c:/program files (x86)/atollic/truestudio for stm32 9.0.0/armtools/bin/../lib/gcc/arm-atollic-eabi/6.3.1/armv7-m/crtbegin.o
 *(.text*)
 .text.Reset_Handler
                0x0800014c       0x48 Application\TrueSTUDIO\startup_stm32f103xb.o
                0x0800014c                Reset_Handler
 .text.Default_Handler
                0x08000194        0x2 Application\TrueSTUDIO\startup_stm32f103xb.o
                0x08000194                RTC_Alarm_IRQHandler
                0x08000194                EXTI2_IRQHandler
                0x08000194                DebugMon_Handler
                0x08000194                HardFault_Handler
                0x08000194                PVD_IRQHandler
                0x08000194                PendSV_Handler
                0x08000194                NMI_Handler
                0x08000194                EXTI3_IRQHandler
                0x08000194                EXTI0_IRQHandler
                0x08000194                I2C2_EV_IRQHandler
                0x08000194                UsageFault_Handler
                0x08000194                SPI1_IRQHandler
                0x08000194                TAMPER_IRQHandler
                0x08000194                DMA1_Channel4_IRQHandler
                0x08000194                RTC_IRQHandler
                0x08000194                DMA1_Channel7_IRQHandler
                0x08000194                CAN1_RX1_IRQHandler
                0x08000194                TIM4_IRQHandler
                0x08000194                I2C1_EV_IRQHandler
                0x08000194                DMA1_Channel6_IRQHandler
                0x08000194                TIM3_IRQHandler
                0x08000194                RCC_IRQHandler
                0x08000194                TIM1_TRG_COM_IRQHandler
                0x08000194                Default_Handler
                0x08000194                EXTI9_5_IRQHandler
                0x08000194                SPI2_IRQHandler
                0x08000194                MemManage_Handler
                0x08000194                SVC_Handler
                0x08000194                DMA1_Channel5_IRQHandler
                0x08000194                EXTI4_IRQHandler
                0x08000194                USB_LP_CAN1_RX0_IRQHandler
                0x08000194                USB_HP_CAN1_TX_IRQHandler
                0x08000194                DMA1_Channel3_IRQHandler
                0x08000194                TIM1_UP_IRQHandler
                0x08000194                WWDG_IRQHandler
                0x08000194                TIM1_BRK_IRQHandler
                0x08000194                EXTI1_IRQHandler
                0x08000194                USART2_IRQHandler
                0x08000194                I2C2_ER_IRQHandler
                0x08000194                DMA1_Channel2_IRQHandler
                0x08000194                CAN1_SCE_IRQHandler
                0x08000194                FLASH_IRQHandler
                0x08000194                BusFault_Handler
                0x08000194                USART1_IRQHandler
                0x08000194                I2C1_ER_IRQHandler
                0x08000194                USBWakeUp_IRQHandler
 *fill*         0x08000196        0x2 
 .text.MX_ADC1_Init
                0x08000198      0x138 Application\User\adc.o
                0x08000198                MX_ADC1_Init
 .text.HAL_ADC_MspInit
                0x080002d0       0xdc Application\User\adc.o
                0x080002d0                HAL_ADC_MspInit
 .text.MX_DMA_Init
                0x080003ac       0x3c Application\User\dma.o
                0x080003ac                MX_DMA_Init
 .text.MX_GPIO_Init
                0x080003e8      0x180 Application\User\gpio.o
                0x080003e8                MX_GPIO_Init
 .text.main     0x08000568       0xf4 Application\User\main.o
                0x08000568                main
 .text.SystemClock_Config
                0x0800065c       0xc4 Application\User\main.o
                0x0800065c                SystemClock_Config
 .text.MX_NVIC_Init
                0x08000720       0x28 Application\User\main.o
 .text.Gestion_Commandes
                0x08000748      0xa4c Application\User\main.o
                0x08000748                Gestion_Commandes
 .text.controle
                0x08001194       0x28 Application\User\main.o
                0x08001194                controle
 .text.ACS      0x080011bc      0x338 Application\User\main.o
                0x080011bc                ACS
 .text.Calcul_Vit
                0x080014f4      0x15c Application\User\main.o
                0x080014f4                Calcul_Vit
 .text.regulateur
                0x08001650      0x2f4 Application\User\main.o
                0x08001650                regulateur
 .text.park     0x08001944      0x430 Application\User\main.o
                0x08001944                park
 .text.addon    0x08001d74       0x24 Application\User\main.o
                0x08001d74                addon
 .text.respectTime
                0x08001d98       0x26 Application\User\main.o
                0x08001d98                respectTime
 *fill*         0x08001dbe        0x2 
 .text.HAL_UART_RxCpltCallback
                0x08001dc0      0x198 Application\User\main.o
                0x08001dc0                HAL_UART_RxCpltCallback
 .text.HAL_ADC_ConvCpltCallback
                0x08001f58       0x88 Application\User\main.o
                0x08001f58                HAL_ADC_ConvCpltCallback
 .text.HAL_TIM_PeriodElapsedCallback
                0x08001fe0      0x124 Application\User\main.o
                0x08001fe0                HAL_TIM_PeriodElapsedCallback
 .text.HAL_TIM_IC_CaptureCallback
                0x08002104       0x6c Application\User\main.o
                0x08002104                HAL_TIM_IC_CaptureCallback
 .text.HAL_GPIO_EXTI_Callback
                0x08002170       0xa0 Application\User\main.o
                0x08002170                HAL_GPIO_EXTI_Callback
 .text.HAL_MOV_SERVO
                0x08002210       0x50 Application\User\main.o
                0x08002210                HAL_MOV_SERVO
 .text.HAL_ADC_LevelOutOfWindowCallback
                0x08002260       0x20 Application\User\main.o
                0x08002260                HAL_ADC_LevelOutOfWindowCallback
 .text._Error_Handler
                0x08002280        0xc Application\User\main.o
                0x08002280                _Error_Handler
 .text.assert_failed
                0x0800228c       0x14 Application\User\main.o
                0x0800228c                assert_failed
 .text.HAL_MspInit
                0x080022a0       0xa4 Application\User\stm32f1xx_hal_msp.o
                0x080022a0                HAL_MspInit
 .text.SysTick_Handler
                0x08002344       0x10 Application\User\stm32f1xx_it.o
                0x08002344                SysTick_Handler
 .text.DMA1_Channel1_IRQHandler
                0x08002354       0x14 Application\User\stm32f1xx_it.o
                0x08002354                DMA1_Channel1_IRQHandler
 .text.ADC1_2_IRQHandler
                0x08002368       0x14 Application\User\stm32f1xx_it.o
                0x08002368                ADC1_2_IRQHandler
 .text.TIM1_CC_IRQHandler
                0x0800237c       0x14 Application\User\stm32f1xx_it.o
                0x0800237c                TIM1_CC_IRQHandler
 .text.TIM2_IRQHandler
                0x08002390       0x14 Application\User\stm32f1xx_it.o
                0x08002390                TIM2_IRQHandler
 .text.USART3_IRQHandler
                0x080023a4       0x14 Application\User\stm32f1xx_it.o
                0x080023a4                USART3_IRQHandler
 .text.EXTI15_10_IRQHandler
                0x080023b8       0x10 Application\User\stm32f1xx_it.o
                0x080023b8                EXTI15_10_IRQHandler
 .text.MX_TIM1_Init
                0x080023c8      0x1b8 Application\User\tim.o
                0x080023c8                MX_TIM1_Init
 .text.MX_TIM2_Init
                0x08002580       0xf4 Application\User\tim.o
                0x08002580                MX_TIM2_Init
 .text.MX_TIM3_Init
                0x08002674       0xa0 Application\User\tim.o
                0x08002674                MX_TIM3_Init
 .text.MX_TIM4_Init
                0x08002714       0xa4 Application\User\tim.o
                0x08002714                MX_TIM4_Init
 .text.HAL_TIM_Base_MspInit
                0x080027b8       0x9c Application\User\tim.o
                0x080027b8                HAL_TIM_Base_MspInit
 .text.HAL_TIM_Encoder_MspInit
                0x08002854       0xc0 Application\User\tim.o
                0x08002854                HAL_TIM_Encoder_MspInit
 .text.HAL_TIM_MspPostInit
                0x08002914       0xa8 Application\User\tim.o
                0x08002914                HAL_TIM_MspPostInit
 .text.MX_USART3_UART_Init
                0x080029bc       0x5c Application\User\usart.o
                0x080029bc                MX_USART3_UART_Init
 .text.HAL_UART_MspInit
                0x08002a18       0x9c Application\User\usart.o
                0x08002a18                HAL_UART_MspInit
 .text.SystemInit
                0x08002ab4       0x68 Drivers\CMSIS\system_stm32f1xx.o
                0x08002ab4                SystemInit
 .text.HAL_Init
                0x08002b1c       0x2c Drivers\STM32F1xx_HAL_Driver\stm32f1xx_hal.o
                0x08002b1c                HAL_Init
 .text.HAL_InitTick
                0x08002b48       0x60 Drivers\STM32F1xx_HAL_Driver\stm32f1xx_hal.o
                0x08002b48                HAL_InitTick
 .text.HAL_IncTick
                0x08002ba8       0x24 Drivers\STM32F1xx_HAL_Driver\stm32f1xx_hal.o
                0x08002ba8                HAL_IncTick
 .text.HAL_GetTick
                0x08002bcc       0x14 Drivers\STM32F1xx_HAL_Driver\stm32f1xx_hal.o
                0x08002bcc                HAL_GetTick
 .text.HAL_SuspendTick
                0x08002be0       0x1c Drivers\STM32F1xx_HAL_Driver\stm32f1xx_hal.o
                0x08002be0                HAL_SuspendTick
 .text.HAL_ADC_Init
                0x08002bfc      0x2d4 Drivers\STM32F1xx_HAL_Driver\stm32f1xx_hal_adc.o
                0x08002bfc                HAL_ADC_Init
 .text.HAL_ADC_Start_IT
                0x08002ed0      0x190 Drivers\STM32F1xx_HAL_Driver\stm32f1xx_hal_adc.o
                0x08002ed0                HAL_ADC_Start_IT
 .text.HAL_ADC_Start_DMA
                0x08003060      0x1d4 Drivers\STM32F1xx_HAL_Driver\stm32f1xx_hal_adc.o
                0x08003060                HAL_ADC_Start_DMA
 .text.HAL_ADC_Stop_DMA
                0x08003234       0xa8 Drivers\STM32F1xx_HAL_Driver\stm32f1xx_hal_adc.o
                0x08003234                HAL_ADC_Stop_DMA
 .text.HAL_ADC_IRQHandler
                0x080032dc      0x1e4 Drivers\STM32F1xx_HAL_Driver\stm32f1xx_hal_adc.o
                0x080032dc                HAL_ADC_IRQHandler
 .text.HAL_ADC_ConvHalfCpltCallback
                0x080034c0       0x12 Drivers\STM32F1xx_HAL_Driver\stm32f1xx_hal_adc.o
                0x080034c0                HAL_ADC_ConvHalfCpltCallback
 .text.HAL_ADC_ErrorCallback
                0x080034d2       0x12 Drivers\STM32F1xx_HAL_Driver\stm32f1xx_hal_adc.o
                0x080034d2                HAL_ADC_ErrorCallback
 .text.HAL_ADC_ConfigChannel
                0x080034e4      0x388 Drivers\STM32F1xx_HAL_Driver\stm32f1xx_hal_adc.o
                0x080034e4                HAL_ADC_ConfigChannel
 .text.HAL_ADC_AnalogWDGConfig
                0x0800386c      0x210 Drivers\STM32F1xx_HAL_Driver\stm32f1xx_hal_adc.o
                0x0800386c                HAL_ADC_AnalogWDGConfig
 .text.ADC_Enable
                0x08003a7c       0xa4 Drivers\STM32F1xx_HAL_Driver\stm32f1xx_hal_adc.o
                0x08003a7c                ADC_Enable
 .text.ADC_ConversionStop_Disable
                0x08003b20       0x74 Drivers\STM32F1xx_HAL_Driver\stm32f1xx_hal_adc.o
                0x08003b20                ADC_ConversionStop_Disable
 .text.ADC_DMAConvCplt
                0x08003b94       0x7c Drivers\STM32F1xx_HAL_Driver\stm32f1xx_hal_adc.o
                0x08003b94                ADC_DMAConvCplt
 .text.ADC_DMAHalfConvCplt
                0x08003c10       0x1c Drivers\STM32F1xx_HAL_Driver\stm32f1xx_hal_adc.o
                0x08003c10                ADC_DMAHalfConvCplt
 .text.ADC_DMAError
                0x08003c2c       0x34 Drivers\STM32F1xx_HAL_Driver\stm32f1xx_hal_adc.o
                0x08003c2c                ADC_DMAError
 .text.HAL_ADCEx_InjectedConvCpltCallback
                0x08003c60       0x12 Drivers\STM32F1xx_HAL_Driver\stm32f1xx_hal_adc_ex.o
                0x08003c60                HAL_ADCEx_InjectedConvCpltCallback
 *fill*         0x08003c72        0x2 
 .text.NVIC_SetPriorityGrouping
                0x08003c74       0x48 Drivers\STM32F1xx_HAL_Driver\stm32f1xx_hal_cortex.o
 .text.NVIC_GetPriorityGrouping
                0x08003cbc       0x1c Drivers\STM32F1xx_HAL_Driver\stm32f1xx_hal_cortex.o
 .text.NVIC_EnableIRQ
                0x08003cd8       0x30 Drivers\STM32F1xx_HAL_Driver\stm32f1xx_hal_cortex.o
 .text.NVIC_SetPriority
                0x08003d08       0x54 Drivers\STM32F1xx_HAL_Driver\stm32f1xx_hal_cortex.o
 .text.NVIC_EncodePriority
                0x08003d5c       0x60 Drivers\STM32F1xx_HAL_Driver\stm32f1xx_hal_cortex.o
 .text.SysTick_Config
                0x08003dbc       0x44 Drivers\STM32F1xx_HAL_Driver\stm32f1xx_hal_cortex.o
 .text.HAL_NVIC_SetPriorityGrouping
                0x08003e00       0x40 Drivers\STM32F1xx_HAL_Driver\stm32f1xx_hal_cortex.o
                0x08003e00                HAL_NVIC_SetPriorityGrouping
 .text.HAL_NVIC_SetPriority
                0x08003e40       0x58 Drivers\STM32F1xx_HAL_Driver\stm32f1xx_hal_cortex.o
                0x08003e40                HAL_NVIC_SetPriority
 .text.HAL_NVIC_EnableIRQ
                0x08003e98       0x30 Drivers\STM32F1xx_HAL_Driver\stm32f1xx_hal_cortex.o
                0x08003e98                HAL_NVIC_EnableIRQ
 .text.HAL_SYSTICK_Config
                0x08003ec8       0x18 Drivers\STM32F1xx_HAL_Driver\stm32f1xx_hal_cortex.o
                0x08003ec8                HAL_SYSTICK_Config
 .text.HAL_SYSTICK_CLKSourceConfig
                0x08003ee0       0x50 Drivers\STM32F1xx_HAL_Driver\stm32f1xx_hal_cortex.o
                0x08003ee0                HAL_SYSTICK_CLKSourceConfig
 .text.HAL_SYSTICK_IRQHandler
                0x08003f30        0xc Drivers\STM32F1xx_HAL_Driver\stm32f1xx_hal_cortex.o
                0x08003f30                HAL_SYSTICK_IRQHandler
 .text.HAL_SYSTICK_Callback
                0x08003f3c        0xc Drivers\STM32F1xx_HAL_Driver\stm32f1xx_hal_cortex.o
                0x08003f3c                HAL_SYSTICK_Callback
 .text.HAL_DMA_Init
                0x08003f48      0x218 Drivers\STM32F1xx_HAL_Driver\stm32f1xx_hal_dma.o
                0x08003f48                HAL_DMA_Init
 .text.HAL_DMA_Start_IT
                0x08004160       0xdc Drivers\STM32F1xx_HAL_Driver\stm32f1xx_hal_dma.o
                0x08004160                HAL_DMA_Start_IT
 .text.HAL_DMA_Abort
                0x0800423c       0x58 Drivers\STM32F1xx_HAL_Driver\stm32f1xx_hal_dma.o
                0x0800423c                HAL_DMA_Abort
 .text.HAL_DMA_Abort_IT
                0x08004294       0xf8 Drivers\STM32F1xx_HAL_Driver\stm32f1xx_hal_dma.o
                0x08004294                HAL_DMA_Abort_IT
 .text.HAL_DMA_IRQHandler
                0x0800438c      0x224 Drivers\STM32F1xx_HAL_Driver\stm32f1xx_hal_dma.o
                0x0800438c                HAL_DMA_IRQHandler
 .text.DMA_SetConfig
                0x080045b0       0x5a Drivers\STM32F1xx_HAL_Driver\stm32f1xx_hal_dma.o
 *fill*         0x0800460a        0x2 
 .text.HAL_GPIO_Init
                0x0800460c      0x468 Drivers\STM32F1xx_HAL_Driver\stm32f1xx_hal_gpio.o
                0x0800460c                HAL_GPIO_Init
 .text.HAL_GPIO_WritePin
                0x08004a74       0x64 Drivers\STM32F1xx_HAL_Driver\stm32f1xx_hal_gpio.o
                0x08004a74                HAL_GPIO_WritePin
 .text.HAL_GPIO_EXTI_IRQHandler
                0x08004ad8       0x30 Drivers\STM32F1xx_HAL_Driver\stm32f1xx_hal_gpio.o
                0x08004ad8                HAL_GPIO_EXTI_IRQHandler
 .text.HAL_PWR_EnterSLEEPMode
                0x08004b08       0x50 Drivers\STM32F1xx_HAL_Driver\stm32f1xx_hal_pwr.o
                0x08004b08                HAL_PWR_EnterSLEEPMode
 .text.HAL_RCC_OscConfig
                0x08004b58      0x6b8 Drivers\STM32F1xx_HAL_Driver\stm32f1xx_hal_rcc.o
                0x08004b58                HAL_RCC_OscConfig
 .text.HAL_RCC_ClockConfig
                0x08005210      0x344 Drivers\STM32F1xx_HAL_Driver\stm32f1xx_hal_rcc.o
                0x08005210                HAL_RCC_ClockConfig
 .text.HAL_RCC_GetSysClockFreq
                0x08005554       0xc4 Drivers\STM32F1xx_HAL_Driver\stm32f1xx_hal_rcc.o
                0x08005554                HAL_RCC_GetSysClockFreq
 .text.HAL_RCC_GetHCLKFreq
                0x08005618       0x14 Drivers\STM32F1xx_HAL_Driver\stm32f1xx_hal_rcc.o
                0x08005618                HAL_RCC_GetHCLKFreq
 .text.HAL_RCC_GetPCLK1Freq
                0x0800562c       0x28 Drivers\STM32F1xx_HAL_Driver\stm32f1xx_hal_rcc.o
                0x0800562c                HAL_RCC_GetPCLK1Freq
 .text.HAL_RCC_GetPCLK2Freq
                0x08005654       0x28 Drivers\STM32F1xx_HAL_Driver\stm32f1xx_hal_rcc.o
                0x08005654                HAL_RCC_GetPCLK2Freq
 .text.RCC_Delay
                0x0800567c       0x3c Drivers\STM32F1xx_HAL_Driver\stm32f1xx_hal_rcc.o
 .text.HAL_RCCEx_PeriphCLKConfig
                0x080056b8      0x214 Drivers\STM32F1xx_HAL_Driver\stm32f1xx_hal_rcc_ex.o
                0x080056b8                HAL_RCCEx_PeriphCLKConfig
 .text.HAL_TIM_Base_Init
                0x080058cc      0x104 Drivers\STM32F1xx_HAL_Driver\stm32f1xx_hal_tim.o
                0x080058cc                HAL_TIM_Base_Init
 .text.HAL_TIM_Base_Start_IT
                0x080059d0       0x74 Drivers\STM32F1xx_HAL_Driver\stm32f1xx_hal_tim.o
                0x080059d0                HAL_TIM_Base_Start_IT
 .text.HAL_TIM_PWM_Init
                0x08005a44      0x10c Drivers\STM32F1xx_HAL_Driver\stm32f1xx_hal_tim.o
                0x08005a44                HAL_TIM_PWM_Init
 .text.HAL_TIM_PWM_MspInit
                0x08005b50       0x12 Drivers\STM32F1xx_HAL_Driver\stm32f1xx_hal_tim.o
                0x08005b50                HAL_TIM_PWM_MspInit
 *fill*         0x08005b62        0x2 
 .text.HAL_TIM_PWM_Start
                0x08005b64       0xf0 Drivers\STM32F1xx_HAL_Driver\stm32f1xx_hal_tim.o
                0x08005b64                HAL_TIM_PWM_Start
 .text.HAL_TIM_PWM_Stop
                0x08005c54      0x138 Drivers\STM32F1xx_HAL_Driver\stm32f1xx_hal_tim.o
                0x08005c54                HAL_TIM_PWM_Stop
 .text.HAL_TIM_IC_Init
                0x08005d8c      0x10c Drivers\STM32F1xx_HAL_Driver\stm32f1xx_hal_tim.o
                0x08005d8c                HAL_TIM_IC_Init
 .text.HAL_TIM_IC_MspInit
                0x08005e98       0x12 Drivers\STM32F1xx_HAL_Driver\stm32f1xx_hal_tim.o
                0x08005e98                HAL_TIM_IC_MspInit
 *fill*         0x08005eaa        0x2 
 .text.HAL_TIM_IC_Start_IT
                0x08005eac      0x160 Drivers\STM32F1xx_HAL_Driver\stm32f1xx_hal_tim.o
                0x08005eac                HAL_TIM_IC_Start_IT
 .text.HAL_TIM_Encoder_Init
                0x0800600c      0x2f8 Drivers\STM32F1xx_HAL_Driver\stm32f1xx_hal_tim.o
                0x0800600c                HAL_TIM_Encoder_Init
 .text.HAL_TIM_Encoder_Start
                0x08006304       0xb0 Drivers\STM32F1xx_HAL_Driver\stm32f1xx_hal_tim.o
                0x08006304                HAL_TIM_Encoder_Start
 .text.HAL_TIM_IRQHandler
                0x080063b4      0x210 Drivers\STM32F1xx_HAL_Driver\stm32f1xx_hal_tim.o
                0x080063b4                HAL_TIM_IRQHandler
 .text.HAL_TIM_IC_ConfigChannel
                0x080065c4      0x298 Drivers\STM32F1xx_HAL_Driver\stm32f1xx_hal_tim.o
                0x080065c4                HAL_TIM_IC_ConfigChannel
 .text.HAL_TIM_PWM_ConfigChannel
                0x0800685c      0x2dc Drivers\STM32F1xx_HAL_Driver\stm32f1xx_hal_tim.o
                0x0800685c                HAL_TIM_PWM_ConfigChannel
 .text.HAL_TIM_ConfigClockSource
                0x08006b38      0x604 Drivers\STM32F1xx_HAL_Driver\stm32f1xx_hal_tim.o
                0x08006b38                HAL_TIM_ConfigClockSource
 .text.HAL_TIM_SlaveConfigSynchronization
                0x0800713c      0x128 Drivers\STM32F1xx_HAL_Driver\stm32f1xx_hal_tim.o
                0x0800713c                HAL_TIM_SlaveConfigSynchronization
 .text.HAL_TIM_ReadCapturedValue
                0x08007264      0x17c Drivers\STM32F1xx_HAL_Driver\stm32f1xx_hal_tim.o
                0x08007264                HAL_TIM_ReadCapturedValue
 .text.HAL_TIM_OC_DelayElapsedCallback
                0x080073e0       0x12 Drivers\STM32F1xx_HAL_Driver\stm32f1xx_hal_tim.o
                0x080073e0                HAL_TIM_OC_DelayElapsedCallback
 .text.HAL_TIM_PWM_PulseFinishedCallback
                0x080073f2       0x12 Drivers\STM32F1xx_HAL_Driver\stm32f1xx_hal_tim.o
                0x080073f2                HAL_TIM_PWM_PulseFinishedCallback
 .text.HAL_TIM_TriggerCallback
                0x08007404       0x12 Drivers\STM32F1xx_HAL_Driver\stm32f1xx_hal_tim.o
                0x08007404                HAL_TIM_TriggerCallback
 *fill*         0x08007416        0x2 
 .text.TIM_Base_SetConfig
                0x08007418       0xcc Drivers\STM32F1xx_HAL_Driver\stm32f1xx_hal_tim.o
                0x08007418                TIM_Base_SetConfig
 .text.TIM_OC1_SetConfig
                0x080074e4      0x12c Drivers\STM32F1xx_HAL_Driver\stm32f1xx_hal_tim.o
 .text.TIM_OC2_SetConfig
                0x08007610      0x134 Drivers\STM32F1xx_HAL_Driver\stm32f1xx_hal_tim.o
                0x08007610                TIM_OC2_SetConfig
 .text.TIM_OC3_SetConfig
                0x08007744      0x134 Drivers\STM32F1xx_HAL_Driver\stm32f1xx_hal_tim.o
 .text.TIM_OC4_SetConfig
                0x08007878       0xc8 Drivers\STM32F1xx_HAL_Driver\stm32f1xx_hal_tim.o
 .text.TIM_SlaveTimer_SetConfig
                0x08007940      0x3f0 Drivers\STM32F1xx_HAL_Driver\stm32f1xx_hal_tim.o
 .text.TIM_TI1_SetConfig
                0x08007d30       0xbc Drivers\STM32F1xx_HAL_Driver\stm32f1xx_hal_tim.o
                0x08007d30                TIM_TI1_SetConfig
 .text.TIM_TI1_ConfigInputStage
                0x08007dec       0x64 Drivers\STM32F1xx_HAL_Driver\stm32f1xx_hal_tim.o
 .text.TIM_TI2_SetConfig
                0x08007e50       0x80 Drivers\STM32F1xx_HAL_Driver\stm32f1xx_hal_tim.o
 .text.TIM_TI2_ConfigInputStage
                0x08007ed0       0x66 Drivers\STM32F1xx_HAL_Driver\stm32f1xx_hal_tim.o
 .text.TIM_TI3_SetConfig
                0x08007f36       0x7e Drivers\STM32F1xx_HAL_Driver\stm32f1xx_hal_tim.o
 .text.TIM_TI4_SetConfig
                0x08007fb4       0x80 Drivers\STM32F1xx_HAL_Driver\stm32f1xx_hal_tim.o
 .text.TIM_ITRx_SetConfig
                0x08008034       0x3e Drivers\STM32F1xx_HAL_Driver\stm32f1xx_hal_tim.o
 .text.TIM_ETR_SetConfig
                0x08008072       0x42 Drivers\STM32F1xx_HAL_Driver\stm32f1xx_hal_tim.o
 .text.TIM_CCxChannelCmd
                0x080080b4       0xa4 Drivers\STM32F1xx_HAL_Driver\stm32f1xx_hal_tim.o
                0x080080b4                TIM_CCxChannelCmd
 .text.HAL_TIMEx_ConfigBreakDeadTime
                0x08008158      0x198 Drivers\STM32F1xx_HAL_Driver\stm32f1xx_hal_tim_ex.o
                0x08008158                HAL_TIMEx_ConfigBreakDeadTime
 .text.HAL_TIMEx_MasterConfigSynchronization
                0x080082f0      0x12c Drivers\STM32F1xx_HAL_Driver\stm32f1xx_hal_tim_ex.o
                0x080082f0                HAL_TIMEx_MasterConfigSynchronization
 .text.HAL_TIMEx_CommutationCallback
                0x0800841c       0x12 Drivers\STM32F1xx_HAL_Driver\stm32f1xx_hal_tim_ex.o
                0x0800841c                HAL_TIMEx_CommutationCallback
 .text.HAL_TIMEx_BreakCallback
                0x0800842e       0x12 Drivers\STM32F1xx_HAL_Driver\stm32f1xx_hal_tim_ex.o
                0x0800842e                HAL_TIMEx_BreakCallback
 .text.HAL_UART_Init
                0x08008440      0x150 Drivers\STM32F1xx_HAL_Driver\stm32f1xx_hal_uart.o
                0x08008440                HAL_UART_Init
 .text.HAL_UART_Transmit
                0x08008590      0x130 Drivers\STM32F1xx_HAL_Driver\stm32f1xx_hal_uart.o
                0x08008590                HAL_UART_Transmit
 .text.HAL_UART_Receive_IT
                0x080086c0       0xa8 Drivers\STM32F1xx_HAL_Driver\stm32f1xx_hal_uart.o
                0x080086c0                HAL_UART_Receive_IT
 .text.HAL_UART_IRQHandler
                0x08008768      0x1f8 Drivers\STM32F1xx_HAL_Driver\stm32f1xx_hal_uart.o
                0x08008768                HAL_UART_IRQHandler
 .text.HAL_UART_TxCpltCallback
                0x08008960       0x12 Drivers\STM32F1xx_HAL_Driver\stm32f1xx_hal_uart.o
                0x08008960                HAL_UART_TxCpltCallback
 .text.HAL_UART_ErrorCallback
                0x08008972       0x12 Drivers\STM32F1xx_HAL_Driver\stm32f1xx_hal_uart.o
                0x08008972                HAL_UART_ErrorCallback
 .text.UART_WaitOnFlagUntilTimeout
                0x08008984       0x94 Drivers\STM32F1xx_HAL_Driver\stm32f1xx_hal_uart.o
 .text.UART_EndRxTransfer
                0x08008a18       0x3a Drivers\STM32F1xx_HAL_Driver\stm32f1xx_hal_uart.o
 .text.UART_DMAAbortOnError
                0x08008a52       0x28 Drivers\STM32F1xx_HAL_Driver\stm32f1xx_hal_uart.o
 .text.UART_Transmit_IT
                0x08008a7a       0xa8 Drivers\STM32F1xx_HAL_Driver\stm32f1xx_hal_uart.o
 .text.UART_EndTransmit_IT
                0x08008b22       0x30 Drivers\STM32F1xx_HAL_Driver\stm32f1xx_hal_uart.o
 .text.UART_Receive_IT
                0x08008b52      0x102 Drivers\STM32F1xx_HAL_Driver\stm32f1xx_hal_uart.o
 .text.UART_SetConfig
                0x08008c54      0x2ac Drivers\STM32F1xx_HAL_Driver\stm32f1xx_hal_uart.o
 .text.__libc_init_array
                0x08008f00       0x48 c:/program files (x86)/atollic/truestudio for stm32 9.0.0/armtools/bin/../lib/gcc/arm-atollic-eabi/6.3.1/../../../../arm-atollic-eabi/lib/armv7-m\libc_nano.a(lib_a-init.o)
                0x08008f00                __libc_init_array
 .text.snprintf
                0x08008f48       0x68 c:/program files (x86)/atollic/truestudio for stm32 9.0.0/armtools/bin/../lib/gcc/arm-atollic-eabi/6.3.1/../../../../arm-atollic-eabi/lib/armv7-m\libc_nano.a(lib_a-snprintf.o)
                0x08008f48                sniprintf
                0x08008f48                snprintf
 .text.__ssputs_r
                0x08008fb0       0xb6 c:/program files (x86)/atollic/truestudio for stm32 9.0.0/armtools/bin/../lib/gcc/arm-atollic-eabi/6.3.1/../../../../arm-atollic-eabi/lib/armv7-m\libc_nano.a(lib_a-nano-svfprintf.o)
                0x08008fb0                __ssputs_r
 *fill*         0x08009066        0x2 
 .text._svfprintf_r
                0x08009068      0x1e8 c:/program files (x86)/atollic/truestudio for stm32 9.0.0/armtools/bin/../lib/gcc/arm-atollic-eabi/6.3.1/../../../../arm-atollic-eabi/lib/armv7-m\libc_nano.a(lib_a-nano-svfprintf.o)
                0x08009068                _svfiprintf_r
                0x08009068                _svfprintf_r
 .text._printf_common
                0x08009250       0xee c:/program files (x86)/atollic/truestudio for stm32 9.0.0/armtools/bin/../lib/gcc/arm-atollic-eabi/6.3.1/../../../../arm-atollic-eabi/lib/armv7-m\libc_nano.a(lib_a-nano-vfprintf_i.o)
                0x08009250                _printf_common
 *fill*         0x0800933e        0x2 
 .text._printf_i
                0x08009340      0x240 c:/program files (x86)/atollic/truestudio for stm32 9.0.0/armtools/bin/../lib/gcc/arm-atollic-eabi/6.3.1/../../../../arm-atollic-eabi/lib/armv7-m\libc_nano.a(lib_a-nano-vfprintf_i.o)
                0x08009340                _printf_i
 .text.memchr   0x08009580       0x1c c:/program files (x86)/atollic/truestudio for stm32 9.0.0/armtools/bin/../lib/gcc/arm-atollic-eabi/6.3.1/../../../../arm-atollic-eabi/lib/armv7-m\libc_nano.a(lib_a-memchr-stub.o)
                0x08009580                memchr
 .text.memcpy   0x0800959c       0x16 c:/program files (x86)/atollic/truestudio for stm32 9.0.0/armtools/bin/../lib/gcc/arm-atollic-eabi/6.3.1/../../../../arm-atollic-eabi/lib/armv7-m\libc_nano.a(lib_a-memcpy-stub.o)
                0x0800959c                memcpy
 .text.memmove  0x080095b2       0x34 c:/program files (x86)/atollic/truestudio for stm32 9.0.0/armtools/bin/../lib/gcc/arm-atollic-eabi/6.3.1/../../../../arm-atollic-eabi/lib/armv7-m\libc_nano.a(lib_a-memmove.o)
                0x080095b2                memmove
 *fill*         0x080095e6        0x2 
 .text._free_r  0x080095e8       0x98 c:/program files (x86)/atollic/truestudio for stm32 9.0.0/armtools/bin/../lib/gcc/arm-atollic-eabi/6.3.1/../../../../arm-atollic-eabi/lib/armv7-m\libc_nano.a(lib_a-nano-freer.o)
                0x080095e8                _free_r
 .text._malloc_r
                0x08009680       0xbc c:/program files (x86)/atollic/truestudio for stm32 9.0.0/armtools/bin/../lib/gcc/arm-atollic-eabi/6.3.1/../../../../arm-atollic-eabi/lib/armv7-m\libc_nano.a(lib_a-nano-mallocr.o)
                0x08009680                _malloc_r
 .text._realloc_r
                0x0800973c       0x4c c:/program files (x86)/atollic/truestudio for stm32 9.0.0/armtools/bin/../lib/gcc/arm-atollic-eabi/6.3.1/../../../../arm-atollic-eabi/lib/armv7-m\libc_nano.a(lib_a-nano-reallocr.o)
                0x0800973c                _realloc_r
 .text._sbrk_r  0x08009788       0x20 c:/program files (x86)/atollic/truestudio for stm32 9.0.0/armtools/bin/../lib/gcc/arm-atollic-eabi/6.3.1/../../../../arm-atollic-eabi/lib/armv7-m\libc_nano.a(lib_a-sbrkr.o)
                0x08009788                _sbrk_r
 .text.__malloc_lock
                0x080097a8        0x2 c:/program files (x86)/atollic/truestudio for stm32 9.0.0/armtools/bin/../lib/gcc/arm-atollic-eabi/6.3.1/../../../../arm-atollic-eabi/lib/armv7-m\libc_nano.a(lib_a-mlock.o)
                0x080097a8                __malloc_lock
 .text.__malloc_unlock
                0x080097aa        0x2 c:/program files (x86)/atollic/truestudio for stm32 9.0.0/armtools/bin/../lib/gcc/arm-atollic-eabi/6.3.1/../../../../arm-atollic-eabi/lib/armv7-m\libc_nano.a(lib_a-mlock.o)
                0x080097aa                __malloc_unlock
 .text._malloc_usable_size_r
                0x080097ac       0x12 c:/program files (x86)/atollic/truestudio for stm32 9.0.0/armtools/bin/../lib/gcc/arm-atollic-eabi/6.3.1/../../../../arm-atollic-eabi/lib/armv7-m\libc_nano.a(lib_a-nano-msizer.o)
                0x080097ac                _malloc_usable_size_r
 *fill*         0x080097be        0x2 
 .text._sbrk    0x080097c0       0x1c c:/program files (x86)/atollic/truestudio for stm32 9.0.0/armtools/bin/../lib/gcc/arm-atollic-eabi/6.3.1/../../../../arm-atollic-eabi/lib/armv7-m\libnosys.a(sbrk.o)
                0x080097c0                _sbrk
 *(.glue_7)
 .glue_7        0x080097dc        0x0 linker stubs
 *(.glue_7t)
 .glue_7t       0x080097dc        0x0 linker stubs
 *(.eh_frame)
 .eh_frame      0x080097dc        0x0 c:/program files (x86)/atollic/truestudio for stm32 9.0.0/armtools/bin/../lib/gcc/arm-atollic-eabi/6.3.1/armv7-m/crtbegin.o
 *(.init)
 .init          0x080097dc        0x4 c:/program files (x86)/atollic/truestudio for stm32 9.0.0/armtools/bin/../lib/gcc/arm-atollic-eabi/6.3.1/armv7-m/crti.o
                0x080097dc                _init
 .init          0x080097e0        0x8 c:/program files (x86)/atollic/truestudio for stm32 9.0.0/armtools/bin/../lib/gcc/arm-atollic-eabi/6.3.1/armv7-m/crtn.o
 *(.fini)
 .fini          0x080097e8        0x4 c:/program files (x86)/atollic/truestudio for stm32 9.0.0/armtools/bin/../lib/gcc/arm-atollic-eabi/6.3.1/armv7-m/crti.o
                0x080097e8                _fini
 .fini          0x080097ec        0x8 c:/program files (x86)/atollic/truestudio for stm32 9.0.0/armtools/bin/../lib/gcc/arm-atollic-eabi/6.3.1/armv7-m/crtn.o
                0x080097f4                . = ALIGN (0x4)
                0x080097f4                _etext = .

.vfp11_veneer   0x080097f4        0x0
 .vfp11_veneer  0x080097f4        0x0 linker stubs

.v4_bx          0x080097f4        0x0
 .v4_bx         0x080097f4        0x0 linker stubs

.iplt           0x080097f4        0x0
 .iplt          0x080097f4        0x0 c:/program files (x86)/atollic/truestudio for stm32 9.0.0/armtools/bin/../lib/gcc/arm-atollic-eabi/6.3.1/armv7-m/crtbegin.o

.rodata         0x080097f4      0x4ac
                0x080097f4                . = ALIGN (0x4)
 *(.rodata)
 .rodata        0x080097f4       0x13 Application\User\adc.o
 *fill*         0x08009807        0x1 
 .rodata        0x08009808      0x169 Application\User\main.o
 *fill*         0x08009971        0x3 
 .rodata        0x08009974       0x13 Application\User\tim.o
 *fill*         0x08009987        0x1 
 .rodata        0x08009988       0x15 Application\User\usart.o
 *fill*         0x0800999d        0x3 
 .rodata        0x080099a0       0x3e Drivers\STM32F1xx_HAL_Driver\stm32f1xx_hal_adc.o
 *fill*         0x080099de        0x2 
 .rodata        0x080099e0       0x41 Drivers\STM32F1xx_HAL_Driver\stm32f1xx_hal_cortex.o
 *fill*         0x08009a21        0x3 
 .rodata        0x08009a24       0x3e Drivers\STM32F1xx_HAL_Driver\stm32f1xx_hal_dma.o
 *fill*         0x08009a62        0x2 
 .rodata        0x08009a64       0x3f Drivers\STM32F1xx_HAL_Driver\stm32f1xx_hal_gpio.o
 *fill*         0x08009aa3        0x1 
 .rodata        0x08009aa4       0x3e Drivers\STM32F1xx_HAL_Driver\stm32f1xx_hal_pwr.o
 *fill*         0x08009ae2        0x2 
 .rodata        0x08009ae4       0x52 Drivers\STM32F1xx_HAL_Driver\stm32f1xx_hal_rcc.o
 *fill*         0x08009b36        0x2 
 .rodata        0x08009b38       0x56 Drivers\STM32F1xx_HAL_Driver\stm32f1xx_hal_rcc_ex.o
 *fill*         0x08009b8e        0x2 
 .rodata        0x08009b90       0x3e Drivers\STM32F1xx_HAL_Driver\stm32f1xx_hal_tim.o
 *fill*         0x08009bce        0x2 
 .rodata        0x08009bd0       0x41 Drivers\STM32F1xx_HAL_Driver\stm32f1xx_hal_tim_ex.o
 *fill*         0x08009c11        0x3 
 .rodata        0x08009c14       0x3f Drivers\STM32F1xx_HAL_Driver\stm32f1xx_hal_uart.o
 *(.rodata*)
 *fill*         0x08009c53        0x1 
 .rodata.AHBPrescTable
                0x08009c54       0x10 Drivers\CMSIS\system_stm32f1xx.o
                0x08009c54                AHBPrescTable
 .rodata.APBPrescTable
                0x08009c64        0x8 Drivers\CMSIS\system_stm32f1xx.o
                0x08009c64                APBPrescTable
 .rodata._svfprintf_r.str1.1
                0x08009c6c       0x11 c:/program files (x86)/atollic/truestudio for stm32 9.0.0/armtools/bin/../lib/gcc/arm-atollic-eabi/6.3.1/../../../../arm-atollic-eabi/lib/armv7-m\libc_nano.a(lib_a-nano-svfprintf.o)
 .rodata._printf_i.str1.1
                0x08009c7d       0x22 c:/program files (x86)/atollic/truestudio for stm32 9.0.0/armtools/bin/../lib/gcc/arm-atollic-eabi/6.3.1/../../../../arm-atollic-eabi/lib/armv7-m\libc_nano.a(lib_a-nano-vfprintf_i.o)
                0x08009ca0                . = ALIGN (0x4)
 *fill*         0x08009c9f        0x1 

.rel.dyn        0x08009ca0        0x0
 .rel.iplt      0x08009ca0        0x0 c:/program files (x86)/atollic/truestudio for stm32 9.0.0/armtools/bin/../lib/gcc/arm-atollic-eabi/6.3.1/armv7-m/crtbegin.o

.ARM.extab
 *(.ARM.extab* .gnu.linkonce.armextab.*)

.ARM            0x08009ca0        0x0
                0x08009ca0                __exidx_start = .
 *(.ARM.exidx*)
                0x08009ca0                __exidx_end = .

.preinit_array  0x08009ca0        0x0
                0x08009ca0                PROVIDE (__preinit_array_start, .)
 *(.preinit_array*)
                0x08009ca0                PROVIDE (__preinit_array_end, .)

.init_array     0x08009ca0        0x4
                0x08009ca0                PROVIDE (__init_array_start, .)
 *(SORT(.init_array.*))
 *(.init_array*)
 .init_array    0x08009ca0        0x4 c:/program files (x86)/atollic/truestudio for stm32 9.0.0/armtools/bin/../lib/gcc/arm-atollic-eabi/6.3.1/armv7-m/crtbegin.o
                0x08009ca4                PROVIDE (__init_array_end, .)

.fini_array     0x08009ca4        0x4
                [!provide]                PROVIDE (__fini_array_start, .)
 *(SORT(.fini_array.*))
 *(.fini_array*)
 .fini_array    0x08009ca4        0x4 c:/program files (x86)/atollic/truestudio for stm32 9.0.0/armtools/bin/../lib/gcc/arm-atollic-eabi/6.3.1/armv7-m/crtbegin.o
                [!provide]                PROVIDE (__fini_array_end, .)
                0x08009ca8                _sidata = LOADADDR (.data)

.data           0x20000000       0x70 load address 0x08009ca8
                0x20000000                . = ALIGN (0x4)
                0x20000000                _sdata = .
 *(.data)
 *(.data*)
 .data.SystemCoreClock
                0x20000000        0x4 Drivers\CMSIS\system_stm32f1xx.o
                0x20000000                SystemCoreClock
 .data.uwTickPrio
                0x20000004        0x4 Drivers\STM32F1xx_HAL_Driver\stm32f1xx_hal.o
                0x20000004                uwTickPrio
 .data.uwTickFreq
                0x20000008        0x1 Drivers\STM32F1xx_HAL_Driver\stm32f1xx_hal.o
                0x20000008                uwTickFreq
 *fill*         0x20000009        0x3 
 .data._impure_ptr
                0x2000000c        0x4 c:/program files (x86)/atollic/truestudio for stm32 9.0.0/armtools/bin/../lib/gcc/arm-atollic-eabi/6.3.1/../../../../arm-atollic-eabi/lib/armv7-m\libc_nano.a(lib_a-impure.o)
                0x2000000c                _impure_ptr
 .data.impure_data
                0x20000010       0x60 c:/program files (x86)/atollic/truestudio for stm32 9.0.0/armtools/bin/../lib/gcc/arm-atollic-eabi/6.3.1/../../../../arm-atollic-eabi/lib/armv7-m\libc_nano.a(lib_a-impure.o)
                0x20000070                . = ALIGN (0x4)
                0x20000070                _edata = .

.igot.plt       0x20000070        0x0 load address 0x08009d18
 .igot.plt      0x20000070        0x0 c:/program files (x86)/atollic/truestudio for stm32 9.0.0/armtools/bin/../lib/gcc/arm-atollic-eabi/6.3.1/armv7-m/crtbegin.o
                0x20000070                . = ALIGN (0x4)

.bss            0x20000070      0x314 load address 0x08009d18
                0x20000070                _sbss = .
                0x20000070                __bss_start__ = _sbss
 *(.bss)
 .bss           0x20000070       0x1c c:/program files (x86)/atollic/truestudio for stm32 9.0.0/armtools/bin/../lib/gcc/arm-atollic-eabi/6.3.1/armv7-m/crtbegin.o
 *(.bss*)
 .bss.New_CMDE  0x2000008c        0x1 Application\User\main.o
                0x2000008c                New_CMDE
 *fill*         0x2000008d        0x3 
 .bss.Time      0x20000090        0x4 Application\User\main.o
                0x20000090                Time
 .bss.Tech      0x20000094        0x4 Application\User\main.o
                0x20000094                Tech
 .bss.Taddon    0x20000098        0x4 Application\User\main.o
                0x20000098                Taddon
 .bss.Tservo    0x2000009c        0x4 Application\User\main.o
                0x2000009c                Tservo
 .bss.T_sonar   0x200000a0        0x4 Application\User\main.o
                0x200000a0                T_sonar
 .bss.CVitD     0x200000a4        0x2 Application\User\main.o
                0x200000a4                CVitD
 .bss.CVitG     0x200000a6        0x2 Application\User\main.o
                0x200000a6                CVitG
 .bss.DistD_old
                0x200000a8        0x2 Application\User\main.o
                0x200000a8                DistD_old
 .bss.DistG_old
                0x200000aa        0x2 Application\User\main.o
                0x200000aa                DistG_old
 .bss.Cmde_VitD
                0x200000ac        0x4 Application\User\main.o
                0x200000ac                Cmde_VitD
 .bss.Cmde_VitG
                0x200000b0        0x4 Application\User\main.o
                0x200000b0                Cmde_VitG
 .bss.Dist_parcours
                0x200000b4        0x4 Application\User\main.o
                0x200000b4                Dist_parcours
 .bss._Dist_parcours
                0x200000b8        0x4 Application\User\main.o
                0x200000b8                _Dist_parcours
 .bss.distance_sonar
                0x200000bc        0x4 Application\User\main.o
                0x200000bc                distance_sonar
 .bss.Etat.7617
                0x200000c0        0x1 Application\User\main.o
 .bss.Etat.7696
                0x200000c1        0x1 Application\User\main.o
 .bss.Delta1.7697
                0x200000c2        0x2 Application\User\main.o
 .bss.Delta2.7698
                0x200000c4        0x2 Application\User\main.o
 .bss.Delta3.7699
                0x200000c6        0x2 Application\User\main.o
 .bss.Delta4.7700
                0x200000c8        0x2 Application\User\main.o
 *fill*         0x200000ca        0x2 
 .bss.first.7707
                0x200000cc        0x4 Application\User\main.o
 .bss.Etat.7715
                0x200000d0        0x1 Application\User\main.o
 *fill*         0x200000d1        0x1 
 .bss.ErreurD.7722
                0x200000d2        0x2 Application\User\main.o
 .bss.ErreurG.7723
                0x200000d4        0x2 Application\User\main.o
 .bss.S_erreursD.7726
                0x200000d6        0x2 Application\User\main.o
 .bss.S_erreursG.7727
                0x200000d8        0x2 Application\User\main.o
 .bss.ErreurD_old.7724
                0x200000da        0x2 Application\User\main.o
 .bss.V_erreurD.7728
                0x200000dc        0x2 Application\User\main.o
 .bss.ErreurG_old.7725
                0x200000de        0x2 Application\User\main.o
 .bss.V_erreurG.7729
                0x200000e0        0x2 Application\User\main.o
 .bss.Etat.7748
                0x200000e2        0x1 Application\User\main.o
 .bss.cpt.7808  0x200000e3        0x1 Application\User\main.o
 .bss.TOGGLE.7822
                0x200000e4        0x1 Application\User\main.o
 *fill*         0x200000e5        0x3 
 .bss.__malloc_free_list
                0x200000e8        0x4 c:/program files (x86)/atollic/truestudio for stm32 9.0.0/armtools/bin/../lib/gcc/arm-atollic-eabi/6.3.1/../../../../arm-atollic-eabi/lib/armv7-m\libc_nano.a(lib_a-nano-mallocr.o)
                0x200000e8                __malloc_free_list
 .bss.__malloc_sbrk_start
                0x200000ec        0x4 c:/program files (x86)/atollic/truestudio for stm32 9.0.0/armtools/bin/../lib/gcc/arm-atollic-eabi/6.3.1/../../../../arm-atollic-eabi/lib/armv7-m\libc_nano.a(lib_a-nano-mallocr.o)
                0x200000ec                __malloc_sbrk_start
 .bss.heap_end.4116
                0x200000f0        0x4 c:/program files (x86)/atollic/truestudio for stm32 9.0.0/armtools/bin/../lib/gcc/arm-atollic-eabi/6.3.1/../../../../arm-atollic-eabi/lib/armv7-m\libnosys.a(sbrk.o)
 *(COMMON)
 COMMON         0x200000f4       0x74 Application\User\adc.o
                0x200000f4                hadc1
                0x20000124                hdma_adc1
 COMMON         0x20000168       0xd2 Application\User\main.o
                0x20000168                CMDE
                0x20000169                ZIGBEE_RX
                0x2000016a                DirD
                0x2000016c                _CVitD
                0x20000170                Dist_Obst
                0x20000174                _DirD
                0x20000176                VitG
                0x20000178                position_0
                0x20000184                Dist_ACS_3
                0x20000186                DistG
                0x20000188                Dist_ACS_2
                0x2000018a                VBat
                0x2000018c                zigbee_state
                0x20000190                BLUE_TX
                0x200001f4                Mode
                0x200001f6                _CVitG
                0x200001f8                Dist_Obst_
                0x200001fc                DistD
                0x20000200                Dist_Obst_cm
                0x20000204                _DirG
                0x20000208                Buff_Dist
                0x20000218                adc_buffer
                0x2000022c                VitD
                0x2000022e                DirG
                0x20000230                BLUE_RX
                0x20000232                Dist_ACS_4
                0x20000234                Dist
                0x20000238                Dist_ACS_1
 *fill*         0x2000023a        0x2 
 COMMON         0x2000023c      0x100 Application\User\tim.o
                0x2000023c                htim4
                0x2000027c                htim3
                0x200002bc                htim1
                0x200002fc                htim2
 COMMON         0x2000033c       0x40 Application\User\usart.o
                0x2000033c                huart3
 COMMON         0x2000037c        0x4 Drivers\STM32F1xx_HAL_Driver\stm32f1xx_hal.o
                0x2000037c                uwTick
 COMMON         0x20000380        0x4 c:/program files (x86)/atollic/truestudio for stm32 9.0.0/armtools/bin/../lib/gcc/arm-atollic-eabi/6.3.1/../../../../arm-atollic-eabi/lib/armv7-m\libc_nano.a(lib_a-reent.o)
                0x20000380                errno
                0x20000384                . = ALIGN (0x4)
                0x20000384                _ebss = .
                0x20000384                __bss_end__ = _ebss

._user_heap_stack
                0x20000384      0x600 load address 0x08009d18
                0x20000384                . = ALIGN (0x4)
                0x20000384                PROVIDE (end, .)
                [!provide]                PROVIDE (_end, .)
                0x20000584                . = (. + _Min_Heap_Size)
 *fill*         0x20000384      0x200 
                0x20000984                . = (. + _Min_Stack_Size)
 *fill*         0x20000584      0x400 
                0x20000984                . = ALIGN (0x4)

/DISCARD/
 libc.a(*)
 libm.a(*)
 libgcc.a(*)

.ARM.attributes
                0x00000000       0x29
 *(.ARM.attributes)
 .ARM.attributes
                0x00000000       0x1d c:/program files (x86)/atollic/truestudio for stm32 9.0.0/armtools/bin/../lib/gcc/arm-atollic-eabi/6.3.1/armv7-m/crti.o
 .ARM.attributes
                0x0000001d       0x2d c:/program files (x86)/atollic/truestudio for stm32 9.0.0/armtools/bin/../lib/gcc/arm-atollic-eabi/6.3.1/armv7-m/crtbegin.o
 .ARM.attributes
                0x0000004a       0x21 Application\TrueSTUDIO\startup_stm32f103xb.o
 .ARM.attributes
                0x0000006b       0x33 Application\User\adc.o
 .ARM.attributes
                0x0000009e       0x33 Application\User\dma.o
 .ARM.attributes
                0x000000d1       0x33 Application\User\gpio.o
 .ARM.attributes
                0x00000104       0x33 Application\User\main.o
 .ARM.attributes
                0x00000137       0x33 Application\User\stm32f1xx_hal_msp.o
 .ARM.attributes
                0x0000016a       0x33 Application\User\stm32f1xx_it.o
 .ARM.attributes
                0x0000019d       0x33 Application\User\tim.o
 .ARM.attributes
                0x000001d0       0x33 Application\User\usart.o
 .ARM.attributes
                0x00000203       0x33 Drivers\CMSIS\system_stm32f1xx.o
 .ARM.attributes
                0x00000236       0x33 Drivers\STM32F1xx_HAL_Driver\stm32f1xx_hal.o
 .ARM.attributes
                0x00000269       0x33 Drivers\STM32F1xx_HAL_Driver\stm32f1xx_hal_adc.o
 .ARM.attributes
                0x0000029c       0x33 Drivers\STM32F1xx_HAL_Driver\stm32f1xx_hal_adc_ex.o
 .ARM.attributes
                0x000002cf       0x33 Drivers\STM32F1xx_HAL_Driver\stm32f1xx_hal_cortex.o
 .ARM.attributes
                0x00000302       0x33 Drivers\STM32F1xx_HAL_Driver\stm32f1xx_hal_dma.o
 .ARM.attributes
                0x00000335       0x33 Drivers\STM32F1xx_HAL_Driver\stm32f1xx_hal_gpio.o
 .ARM.attributes
                0x00000368       0x33 Drivers\STM32F1xx_HAL_Driver\stm32f1xx_hal_pwr.o
 .ARM.attributes
                0x0000039b       0x33 Drivers\STM32F1xx_HAL_Driver\stm32f1xx_hal_rcc.o
 .ARM.attributes
                0x000003ce       0x33 Drivers\STM32F1xx_HAL_Driver\stm32f1xx_hal_rcc_ex.o
 .ARM.attributes
                0x00000401       0x33 Drivers\STM32F1xx_HAL_Driver\stm32f1xx_hal_tim.o
 .ARM.attributes
                0x00000434       0x33 Drivers\STM32F1xx_HAL_Driver\stm32f1xx_hal_tim_ex.o
 .ARM.attributes
                0x00000467       0x33 Drivers\STM32F1xx_HAL_Driver\stm32f1xx_hal_uart.o
 .ARM.attributes
                0x0000049a       0x2d c:/program files (x86)/atollic/truestudio for stm32 9.0.0/armtools/bin/../lib/gcc/arm-atollic-eabi/6.3.1/../../../../arm-atollic-eabi/lib/armv7-m\libc_nano.a(lib_a-init.o)
 .ARM.attributes
                0x000004c7       0x2d c:/program files (x86)/atollic/truestudio for stm32 9.0.0/armtools/bin/../lib/gcc/arm-atollic-eabi/6.3.1/../../../../arm-atollic-eabi/lib/armv7-m\libc_nano.a(lib_a-snprintf.o)
 .ARM.attributes
                0x000004f4       0x2d c:/program files (x86)/atollic/truestudio for stm32 9.0.0/armtools/bin/../lib/gcc/arm-atollic-eabi/6.3.1/../../../../arm-atollic-eabi/lib/armv7-m\libc_nano.a(lib_a-impure.o)
 .ARM.attributes
                0x00000521       0x2d c:/program files (x86)/atollic/truestudio for stm32 9.0.0/armtools/bin/../lib/gcc/arm-atollic-eabi/6.3.1/../../../../arm-atollic-eabi/lib/armv7-m\libc_nano.a(lib_a-nano-svfprintf.o)
 .ARM.attributes
                0x0000054e       0x2d c:/program files (x86)/atollic/truestudio for stm32 9.0.0/armtools/bin/../lib/gcc/arm-atollic-eabi/6.3.1/../../../../arm-atollic-eabi/lib/armv7-m\libc_nano.a(lib_a-nano-vfprintf_i.o)
 .ARM.attributes
                0x0000057b       0x2d c:/program files (x86)/atollic/truestudio for stm32 9.0.0/armtools/bin/../lib/gcc/arm-atollic-eabi/6.3.1/../../../../arm-atollic-eabi/lib/armv7-m\libc_nano.a(lib_a-memchr-stub.o)
 .ARM.attributes
                0x000005a8       0x2d c:/program files (x86)/atollic/truestudio for stm32 9.0.0/armtools/bin/../lib/gcc/arm-atollic-eabi/6.3.1/../../../../arm-atollic-eabi/lib/armv7-m\libc_nano.a(lib_a-memcpy-stub.o)
 .ARM.attributes
                0x000005d5       0x2d c:/program files (x86)/atollic/truestudio for stm32 9.0.0/armtools/bin/../lib/gcc/arm-atollic-eabi/6.3.1/../../../../arm-atollic-eabi/lib/armv7-m\libc_nano.a(lib_a-memmove.o)
 .ARM.attributes
                0x00000602       0x2d c:/program files (x86)/atollic/truestudio for stm32 9.0.0/armtools/bin/../lib/gcc/arm-atollic-eabi/6.3.1/../../../../arm-atollic-eabi/lib/armv7-m\libc_nano.a(lib_a-nano-freer.o)
 .ARM.attributes
                0x0000062f       0x2d c:/program files (x86)/atollic/truestudio for stm32 9.0.0/armtools/bin/../lib/gcc/arm-atollic-eabi/6.3.1/../../../../arm-atollic-eabi/lib/armv7-m\libc_nano.a(lib_a-nano-mallocr.o)
 .ARM.attributes
                0x0000065c       0x2d c:/program files (x86)/atollic/truestudio for stm32 9.0.0/armtools/bin/../lib/gcc/arm-atollic-eabi/6.3.1/../../../../arm-atollic-eabi/lib/armv7-m\libc_nano.a(lib_a-nano-reallocr.o)
 .ARM.attributes
                0x00000689       0x2d c:/program files (x86)/atollic/truestudio for stm32 9.0.0/armtools/bin/../lib/gcc/arm-atollic-eabi/6.3.1/../../../../arm-atollic-eabi/lib/armv7-m\libc_nano.a(lib_a-sbrkr.o)
 .ARM.attributes
                0x000006b6       0x2d c:/program files (x86)/atollic/truestudio for stm32 9.0.0/armtools/bin/../lib/gcc/arm-atollic-eabi/6.3.1/../../../../arm-atollic-eabi/lib/armv7-m\libc_nano.a(lib_a-mlock.o)
 .ARM.attributes
                0x000006e3       0x2d c:/program files (x86)/atollic/truestudio for stm32 9.0.0/armtools/bin/../lib/gcc/arm-atollic-eabi/6.3.1/../../../../arm-atollic-eabi/lib/armv7-m\libc_nano.a(lib_a-nano-msizer.o)
 .ARM.attributes
                0x00000710       0x2d c:/program files (x86)/atollic/truestudio for stm32 9.0.0/armtools/bin/../lib/gcc/arm-atollic-eabi/6.3.1/../../../../arm-atollic-eabi/lib/armv7-m\libc_nano.a(lib_a-reent.o)
 .ARM.attributes
                0x0000073d       0x2d c:/program files (x86)/atollic/truestudio for stm32 9.0.0/armtools/bin/../lib/gcc/arm-atollic-eabi/6.3.1/../../../../arm-atollic-eabi/lib/armv7-m\libnosys.a(sbrk.o)
 .ARM.attributes
                0x0000076a       0x1d c:/program files (x86)/atollic/truestudio for stm32 9.0.0/armtools/bin/../lib/gcc/arm-atollic-eabi/6.3.1/armv7-m/crtn.o
OUTPUT(Robot3_F103RB_origin.elf elf32-littlearm)

.debug_line     0x00000000     0x9de5
 .debug_line    0x00000000       0x78 Application\TrueSTUDIO\startup_stm32f103xb.o
 .debug_line    0x00000078      0x358 Application\User\adc.o
 .debug_line    0x000003d0      0x249 Application\User\dma.o
 .debug_line    0x00000619      0x2b1 Application\User\gpio.o
 .debug_line    0x000008ca      0x8ea Application\User\main.o
 .debug_line    0x000011b4      0x25e Application\User\stm32f1xx_hal_msp.o
 .debug_line    0x00001412      0x35b Application\User\stm32f1xx_it.o
 .debug_line    0x0000176d      0x453 Application\User\tim.o
 .debug_line    0x00001bc0      0x324 Application\User\usart.o
 .debug_line    0x00001ee4      0x2a1 Drivers\CMSIS\system_stm32f1xx.o
 .debug_line    0x00002185      0x482 Drivers\STM32F1xx_HAL_Driver\stm32f1xx_hal.o
 .debug_line    0x00002607      0xac7 Drivers\STM32F1xx_HAL_Driver\stm32f1xx_hal_adc.o
 .debug_line    0x000030ce      0x852 Drivers\STM32F1xx_HAL_Driver\stm32f1xx_hal_adc_ex.o
 .debug_line    0x00003920      0x59f Drivers\STM32F1xx_HAL_Driver\stm32f1xx_hal_cortex.o
 .debug_line    0x00003ebf      0x7e3 Drivers\STM32F1xx_HAL_Driver\stm32f1xx_hal_dma.o
 .debug_line    0x000046a2      0x625 Drivers\STM32F1xx_HAL_Driver\stm32f1xx_hal_gpio.o
 .debug_line    0x00004cc7      0x4ef Drivers\STM32F1xx_HAL_Driver\stm32f1xx_hal_pwr.o
 .debug_line    0x000051b6      0x779 Drivers\STM32F1xx_HAL_Driver\stm32f1xx_hal_rcc.o
 .debug_line    0x0000592f      0x3e4 Drivers\STM32F1xx_HAL_Driver\stm32f1xx_hal_rcc_ex.o
 .debug_line    0x00005d13     0x27d2 Drivers\STM32F1xx_HAL_Driver\stm32f1xx_hal_tim.o
 .debug_line    0x000084e5      0xc1f Drivers\STM32F1xx_HAL_Driver\stm32f1xx_hal_tim_ex.o
 .debug_line    0x00009104      0xce1 Drivers\STM32F1xx_HAL_Driver\stm32f1xx_hal_uart.o

.debug_info     0x00000000    0x18520
 .debug_info    0x00000000       0xbf Application\TrueSTUDIO\startup_stm32f103xb.o
 .debug_info    0x000000bf     0x114b Application\User\adc.o
 .debug_info    0x0000120a      0xb3a Application\User\dma.o
 .debug_info    0x00001d44      0xb3b Application\User\gpio.o
 .debug_info    0x0000287f     0x1fd3 Application\User\main.o
 .debug_info    0x00004852      0xbc2 Application\User\stm32f1xx_hal_msp.o
 .debug_info    0x00005414     0x122c Application\User\stm32f1xx_it.o
 .debug_info    0x00006640     0x1638 Application\User\tim.o
 .debug_info    0x00007c78     0x111d Application\User\usart.o
 .debug_info    0x00008d95      0xc04 Drivers\CMSIS\system_stm32f1xx.o
 .debug_info    0x00009999      0xeec Drivers\STM32F1xx_HAL_Driver\stm32f1xx_hal.o
 .debug_info    0x0000a885     0x1419 Drivers\STM32F1xx_HAL_Driver\stm32f1xx_hal_adc.o
 .debug_info    0x0000bc9e     0x11b3 Drivers\STM32F1xx_HAL_Driver\stm32f1xx_hal_adc_ex.o
 .debug_info    0x0000ce51     0x1303 Drivers\STM32F1xx_HAL_Driver\stm32f1xx_hal_cortex.o
 .debug_info    0x0000e154      0xf6c Drivers\STM32F1xx_HAL_Driver\stm32f1xx_hal_dma.o
 .debug_info    0x0000f0c0      0xe66 Drivers\STM32F1xx_HAL_Driver\stm32f1xx_hal_gpio.o
 .debug_info    0x0000ff26      0xf37 Drivers\STM32F1xx_HAL_Driver\stm32f1xx_hal_pwr.o
 .debug_info    0x00010e5d      0xfe2 Drivers\STM32F1xx_HAL_Driver\stm32f1xx_hal_rcc.o
 .debug_info    0x00011e3f      0xc04 Drivers\STM32F1xx_HAL_Driver\stm32f1xx_hal_rcc_ex.o
 .debug_info    0x00012a43     0x29cb Drivers\STM32F1xx_HAL_Driver\stm32f1xx_hal_tim.o
 .debug_info    0x0001540e     0x177b Drivers\STM32F1xx_HAL_Driver\stm32f1xx_hal_tim_ex.o
 .debug_info    0x00016b89     0x1997 Drivers\STM32F1xx_HAL_Driver\stm32f1xx_hal_uart.o

.debug_abbrev   0x00000000     0x30bc
 .debug_abbrev  0x00000000       0x12 Application\TrueSTUDIO\startup_stm32f103xb.o
 .debug_abbrev  0x00000012      0x205 Application\User\adc.o
 .debug_abbrev  0x00000217      0x1be Application\User\dma.o
 .debug_abbrev  0x000003d5      0x1c0 Application\User\gpio.o
 .debug_abbrev  0x00000595      0x306 Application\User\main.o
 .debug_abbrev  0x0000089b      0x1c9 Application\User\stm32f1xx_hal_msp.o
 .debug_abbrev  0x00000a64      0x1ac Application\User\stm32f1xx_it.o
 .debug_abbrev  0x00000c10      0x237 Application\User\tim.o
 .debug_abbrev  0x00000e47      0x1ff Application\User\usart.o
 .debug_abbrev  0x00001046      0x1eb Drivers\CMSIS\system_stm32f1xx.o
 .debug_abbrev  0x00001231      0x2ab Drivers\STM32F1xx_HAL_Driver\stm32f1xx_hal.o
 .debug_abbrev  0x000014dc      0x232 Drivers\STM32F1xx_HAL_Driver\stm32f1xx_hal_adc.o
 .debug_abbrev  0x0000170e      0x236 Drivers\STM32F1xx_HAL_Driver\stm32f1xx_hal_adc_ex.o
 .debug_abbrev  0x00001944      0x34e Drivers\STM32F1xx_HAL_Driver\stm32f1xx_hal_cortex.o
 .debug_abbrev  0x00001c92      0x26a Drivers\STM32F1xx_HAL_Driver\stm32f1xx_hal_dma.o
 .debug_abbrev  0x00001efc      0x24c Drivers\STM32F1xx_HAL_Driver\stm32f1xx_hal_gpio.o
 .debug_abbrev  0x00002148      0x2a4 Drivers\STM32F1xx_HAL_Driver\stm32f1xx_hal_pwr.o
 .debug_abbrev  0x000023ec      0x2cc Drivers\STM32F1xx_HAL_Driver\stm32f1xx_hal_rcc.o
 .debug_abbrev  0x000026b8      0x223 Drivers\STM32F1xx_HAL_Driver\stm32f1xx_hal_rcc_ex.o
 .debug_abbrev  0x000028db      0x2ab Drivers\STM32F1xx_HAL_Driver\stm32f1xx_hal_tim.o
 .debug_abbrev  0x00002b86      0x288 Drivers\STM32F1xx_HAL_Driver\stm32f1xx_hal_tim_ex.o
 .debug_abbrev  0x00002e0e      0x2ae Drivers\STM32F1xx_HAL_Driver\stm32f1xx_hal_uart.o

.debug_aranges  0x00000000      0xe70
 .debug_aranges
                0x00000000       0x28 Application\TrueSTUDIO\startup_stm32f103xb.o
 .debug_aranges
                0x00000028       0x30 Application\User\adc.o
 .debug_aranges
                0x00000058       0x20 Application\User\dma.o
 .debug_aranges
                0x00000078       0x20 Application\User\gpio.o
 .debug_aranges
                0x00000098       0xc0 Application\User\main.o
 .debug_aranges
                0x00000158       0x20 Application\User\stm32f1xx_hal_msp.o
 .debug_aranges
                0x00000178       0x50 Application\User\stm32f1xx_it.o
 .debug_aranges
                0x000001c8       0x60 Application\User\tim.o
 .debug_aranges
                0x00000228       0x30 Application\User\usart.o
 .debug_aranges
                0x00000258       0x28 Drivers\CMSIS\system_stm32f1xx.o
 .debug_aranges
                0x00000280       0xd0 Drivers\STM32F1xx_HAL_Driver\stm32f1xx_hal.o
 .debug_aranges
                0x00000350       0xf0 Drivers\STM32F1xx_HAL_Driver\stm32f1xx_hal_adc.o
 .debug_aranges
                0x00000440       0x80 Drivers\STM32F1xx_HAL_Driver\stm32f1xx_hal_adc_ex.o
 .debug_aranges
                0x000004c0      0x100 Drivers\STM32F1xx_HAL_Driver\stm32f1xx_hal_cortex.o
 .debug_aranges
                0x000005c0       0x80 Drivers\STM32F1xx_HAL_Driver\stm32f1xx_hal_dma.o
 .debug_aranges
                0x00000640       0x58 Drivers\STM32F1xx_HAL_Driver\stm32f1xx_hal_gpio.o
 .debug_aranges
                0x00000698       0xa8 Drivers\STM32F1xx_HAL_Driver\stm32f1xx_hal_pwr.o
 .debug_aranges
                0x00000740       0x90 Drivers\STM32F1xx_HAL_Driver\stm32f1xx_hal_rcc.o
 .debug_aranges
                0x000007d0       0x30 Drivers\STM32F1xx_HAL_Driver\stm32f1xx_hal_rcc_ex.o
 .debug_aranges
                0x00000800      0x368 Drivers\STM32F1xx_HAL_Driver\stm32f1xx_hal_tim.o
 .debug_aranges
                0x00000b68      0x138 Drivers\STM32F1xx_HAL_Driver\stm32f1xx_hal_tim_ex.o
 .debug_aranges
                0x00000ca0      0x1d0 Drivers\STM32F1xx_HAL_Driver\stm32f1xx_hal_uart.o

.debug_ranges   0x00000000      0xd18
 .debug_ranges  0x00000000       0x20 Application\TrueSTUDIO\startup_stm32f103xb.o
 .debug_ranges  0x00000020       0x20 Application\User\adc.o
 .debug_ranges  0x00000040       0x10 Application\User\dma.o
 .debug_ranges  0x00000050       0x10 Application\User\gpio.o
 .debug_ranges  0x00000060       0xb0 Application\User\main.o
 .debug_ranges  0x00000110       0x10 Application\User\stm32f1xx_hal_msp.o
 .debug_ranges  0x00000120       0x40 Application\User\stm32f1xx_it.o
 .debug_ranges  0x00000160       0x50 Application\User\tim.o
 .debug_ranges  0x000001b0       0x20 Application\User\usart.o
 .debug_ranges  0x000001d0       0x18 Drivers\CMSIS\system_stm32f1xx.o
 .debug_ranges  0x000001e8       0xc0 Drivers\STM32F1xx_HAL_Driver\stm32f1xx_hal.o
 .debug_ranges  0x000002a8       0xe0 Drivers\STM32F1xx_HAL_Driver\stm32f1xx_hal_adc.o
 .debug_ranges  0x00000388       0x70 Drivers\STM32F1xx_HAL_Driver\stm32f1xx_hal_adc_ex.o
 .debug_ranges  0x000003f8       0xf0 Drivers\STM32F1xx_HAL_Driver\stm32f1xx_hal_cortex.o
 .debug_ranges  0x000004e8       0x70 Drivers\STM32F1xx_HAL_Driver\stm32f1xx_hal_dma.o
 .debug_ranges  0x00000558       0x48 Drivers\STM32F1xx_HAL_Driver\stm32f1xx_hal_gpio.o
 .debug_ranges  0x000005a0       0x98 Drivers\STM32F1xx_HAL_Driver\stm32f1xx_hal_pwr.o
 .debug_ranges  0x00000638       0x80 Drivers\STM32F1xx_HAL_Driver\stm32f1xx_hal_rcc.o
 .debug_ranges  0x000006b8       0x20 Drivers\STM32F1xx_HAL_Driver\stm32f1xx_hal_rcc_ex.o
 .debug_ranges  0x000006d8      0x358 Drivers\STM32F1xx_HAL_Driver\stm32f1xx_hal_tim.o
 .debug_ranges  0x00000a30      0x128 Drivers\STM32F1xx_HAL_Driver\stm32f1xx_hal_tim_ex.o
 .debug_ranges  0x00000b58      0x1c0 Drivers\STM32F1xx_HAL_Driver\stm32f1xx_hal_uart.o

.debug_str      0x00000000     0x431c
 .debug_str     0x00000000      0xcb4 Application\User\adc.o
                                0xdc2 (size before relaxing)
 .debug_str     0x00000cb4       0x1f Application\User\dma.o
                                0x988 (size before relaxing)
 .debug_str     0x00000cd3       0x3d Application\User\gpio.o
                                0x72d (size before relaxing)
 .debug_str     0x00000d10      0x94f Application\User\main.o
                               0x1622 (size before relaxing)
 .debug_str     0x0000165f       0x5b Application\User\stm32f1xx_hal_msp.o
                                0x9c4 (size before relaxing)
 .debug_str     0x000016ba       0xa1 Application\User\stm32f1xx_it.o
                                0xd6d (size before relaxing)
 .debug_str     0x0000175b      0x37b Application\User\tim.o
                               0x11a0 (size before relaxing)
 .debug_str     0x00001ad6       0x58 Application\User\usart.o
                                0xde5 (size before relaxing)
 .debug_str     0x00001b2e       0xa7 Drivers\CMSIS\system_stm32f1xx.o
                                0x744 (size before relaxing)
 .debug_str     0x00001bd5      0x2d0 Drivers\STM32F1xx_HAL_Driver\stm32f1xx_hal.o
                                0xc7b (size before relaxing)
 .debug_str     0x00001ea5      0x26e Drivers\STM32F1xx_HAL_Driver\stm32f1xx_hal_adc.o
                                0xcf9 (size before relaxing)
 .debug_str     0x00002113      0x2ba Drivers\STM32F1xx_HAL_Driver\stm32f1xx_hal_adc_ex.o
                                0xca9 (size before relaxing)
 .debug_str     0x000023cd      0x2ce Drivers\STM32F1xx_HAL_Driver\stm32f1xx_hal_cortex.o
                                0xd6e (size before relaxing)
 .debug_str     0x0000269b      0x245 Drivers\STM32F1xx_HAL_Driver\stm32f1xx_hal_dma.o
                                0xac6 (size before relaxing)
 .debug_str     0x000028e0      0x124 Drivers\STM32F1xx_HAL_Driver\stm32f1xx_hal_gpio.o
                                0x8db (size before relaxing)
 .debug_str     0x00002a04      0x241 Drivers\STM32F1xx_HAL_Driver\stm32f1xx_hal_pwr.o
                                0x970 (size before relaxing)
 .debug_str     0x00002c45      0x1fa Drivers\STM32F1xx_HAL_Driver\stm32f1xx_hal_rcc.o
                                0xa8b (size before relaxing)
 .debug_str     0x00002e3f       0xbf Drivers\STM32F1xx_HAL_Driver\stm32f1xx_hal_rcc_ex.o
                                0x875 (size before relaxing)
 .debug_str     0x00002efe      0xac4 Drivers\STM32F1xx_HAL_Driver\stm32f1xx_hal_tim.o
                               0x17b5 (size before relaxing)
 .debug_str     0x000039c2      0x45b Drivers\STM32F1xx_HAL_Driver\stm32f1xx_hal_tim_ex.o
                               0x1052 (size before relaxing)
 .debug_str     0x00003e1d      0x4ff Drivers\STM32F1xx_HAL_Driver\stm32f1xx_hal_uart.o
                                0xfbd (size before relaxing)

.comment        0x00000000       0x7c
 .comment       0x00000000       0x7c Application\User\adc.o
                                 0x7d (size before relaxing)
 .comment       0x0000007c       0x7d Application\User\dma.o
 .comment       0x0000007c       0x7d Application\User\gpio.o
 .comment       0x0000007c       0x7d Application\User\main.o
 .comment       0x0000007c       0x7d Application\User\stm32f1xx_hal_msp.o
 .comment       0x0000007c       0x7d Application\User\stm32f1xx_it.o
 .comment       0x0000007c       0x7d Application\User\tim.o
 .comment       0x0000007c       0x7d Application\User\usart.o
 .comment       0x0000007c       0x7d Drivers\CMSIS\system_stm32f1xx.o
 .comment       0x0000007c       0x7d Drivers\STM32F1xx_HAL_Driver\stm32f1xx_hal.o
 .comment       0x0000007c       0x7d Drivers\STM32F1xx_HAL_Driver\stm32f1xx_hal_adc.o
 .comment       0x0000007c       0x7d Drivers\STM32F1xx_HAL_Driver\stm32f1xx_hal_adc_ex.o
 .comment       0x0000007c       0x7d Drivers\STM32F1xx_HAL_Driver\stm32f1xx_hal_cortex.o
 .comment       0x0000007c       0x7d Drivers\STM32F1xx_HAL_Driver\stm32f1xx_hal_dma.o
 .comment       0x0000007c       0x7d Drivers\STM32F1xx_HAL_Driver\stm32f1xx_hal_gpio.o
 .comment       0x0000007c       0x7d Drivers\STM32F1xx_HAL_Driver\stm32f1xx_hal_pwr.o
 .comment       0x0000007c       0x7d Drivers\STM32F1xx_HAL_Driver\stm32f1xx_hal_rcc.o
 .comment       0x0000007c       0x7d Drivers\STM32F1xx_HAL_Driver\stm32f1xx_hal_rcc_ex.o
 .comment       0x0000007c       0x7d Drivers\STM32F1xx_HAL_Driver\stm32f1xx_hal_tim.o
 .comment       0x0000007c       0x7d Drivers\STM32F1xx_HAL_Driver\stm32f1xx_hal_tim_ex.o
 .comment       0x0000007c       0x7d Drivers\STM32F1xx_HAL_Driver\stm32f1xx_hal_uart.o

.debug_frame    0x00000000     0x3d10
 .debug_frame   0x00000000       0x7c Application\User\adc.o
 .debug_frame   0x0000007c       0x34 Application\User\dma.o
 .debug_frame   0x000000b0       0x34 Application\User\gpio.o
 .debug_frame   0x000000e4      0x2e8 Application\User\main.o
 .debug_frame   0x000003cc       0x34 Application\User\stm32f1xx_hal_msp.o
 .debug_frame   0x00000400       0xd4 Application\User\stm32f1xx_it.o
 .debug_frame   0x000004d4      0x158 Application\User\tim.o
 .debug_frame   0x0000062c       0x74 Application\User\usart.o
 .debug_frame   0x000006a0       0x58 Drivers\CMSIS\system_stm32f1xx.o
 .debug_frame   0x000006f8      0x2fc Drivers\STM32F1xx_HAL_Driver\stm32f1xx_hal.o
 .debug_frame   0x000009f4      0x408 Drivers\STM32F1xx_HAL_Driver\stm32f1xx_hal_adc.o
 .debug_frame   0x00000dfc      0x1f8 Drivers\STM32F1xx_HAL_Driver\stm32f1xx_hal_adc_ex.o
 .debug_frame   0x00000ff4      0x424 Drivers\STM32F1xx_HAL_Driver\stm32f1xx_hal_cortex.o
 .debug_frame   0x00001418      0x200 Drivers\STM32F1xx_HAL_Driver\stm32f1xx_hal_dma.o
 .debug_frame   0x00001618      0x138 Drivers\STM32F1xx_HAL_Driver\stm32f1xx_hal_gpio.o
 .debug_frame   0x00001750      0x260 Drivers\STM32F1xx_HAL_Driver\stm32f1xx_hal_pwr.o
 .debug_frame   0x000019b0      0x218 Drivers\STM32F1xx_HAL_Driver\stm32f1xx_hal_rcc.o
 .debug_frame   0x00001bc8       0x84 Drivers\STM32F1xx_HAL_Driver\stm32f1xx_hal_rcc_ex.o
 .debug_frame   0x00001c4c      0xfb0 Drivers\STM32F1xx_HAL_Driver\stm32f1xx_hal_tim.o
 .debug_frame   0x00002bfc      0x53c Drivers\STM32F1xx_HAL_Driver\stm32f1xx_hal_tim_ex.o
 .debug_frame   0x00003138      0x830 Drivers\STM32F1xx_HAL_Driver\stm32f1xx_hal_uart.o
 .debug_frame   0x00003968       0x2c c:/program files (x86)/atollic/truestudio for stm32 9.0.0/armtools/bin/../lib/gcc/arm-atollic-eabi/6.3.1/../../../../arm-atollic-eabi/lib/armv7-m\libc_nano.a(lib_a-init.o)
 .debug_frame   0x00003994       0x7c c:/program files (x86)/atollic/truestudio for stm32 9.0.0/armtools/bin/../lib/gcc/arm-atollic-eabi/6.3.1/../../../../arm-atollic-eabi/lib/armv7-m\libc_nano.a(lib_a-snprintf.o)
 .debug_frame   0x00003a10       0x90 c:/program files (x86)/atollic/truestudio for stm32 9.0.0/armtools/bin/../lib/gcc/arm-atollic-eabi/6.3.1/../../../../arm-atollic-eabi/lib/armv7-m\libc_nano.a(lib_a-nano-svfprintf.o)
 .debug_frame   0x00003aa0       0x60 c:/program files (x86)/atollic/truestudio for stm32 9.0.0/armtools/bin/../lib/gcc/arm-atollic-eabi/6.3.1/../../../../arm-atollic-eabi/lib/armv7-m\libc_nano.a(lib_a-nano-vfprintf_i.o)
 .debug_frame   0x00003b00       0x28 c:/program files (x86)/atollic/truestudio for stm32 9.0.0/armtools/bin/../lib/gcc/arm-atollic-eabi/6.3.1/../../../../arm-atollic-eabi/lib/armv7-m\libc_nano.a(lib_a-memchr-stub.o)
 .debug_frame   0x00003b28       0x28 c:/program files (x86)/atollic/truestudio for stm32 9.0.0/armtools/bin/../lib/gcc/arm-atollic-eabi/6.3.1/../../../../arm-atollic-eabi/lib/armv7-m\libc_nano.a(lib_a-memcpy-stub.o)
 .debug_frame   0x00003b50       0x28 c:/program files (x86)/atollic/truestudio for stm32 9.0.0/armtools/bin/../lib/gcc/arm-atollic-eabi/6.3.1/../../../../arm-atollic-eabi/lib/armv7-m\libc_nano.a(lib_a-memmove.o)
 .debug_frame   0x00003b78       0x38 c:/program files (x86)/atollic/truestudio for stm32 9.0.0/armtools/bin/../lib/gcc/arm-atollic-eabi/6.3.1/../../../../arm-atollic-eabi/lib/armv7-m\libc_nano.a(lib_a-nano-freer.o)
 .debug_frame   0x00003bb0       0x2c c:/program files (x86)/atollic/truestudio for stm32 9.0.0/armtools/bin/../lib/gcc/arm-atollic-eabi/6.3.1/../../../../arm-atollic-eabi/lib/armv7-m\libc_nano.a(lib_a-nano-mallocr.o)
 .debug_frame   0x00003bdc       0x3c c:/program files (x86)/atollic/truestudio for stm32 9.0.0/armtools/bin/../lib/gcc/arm-atollic-eabi/6.3.1/../../../../arm-atollic-eabi/lib/armv7-m\libc_nano.a(lib_a-nano-reallocr.o)
 .debug_frame   0x00003c18       0x2c c:/program files (x86)/atollic/truestudio for stm32 9.0.0/armtools/bin/../lib/gcc/arm-atollic-eabi/6.3.1/../../../../arm-atollic-eabi/lib/armv7-m\libc_nano.a(lib_a-sbrkr.o)
 .debug_frame   0x00003c44       0x30 c:/program files (x86)/atollic/truestudio for stm32 9.0.0/armtools/bin/../lib/gcc/arm-atollic-eabi/6.3.1/../../../../arm-atollic-eabi/lib/armv7-m\libc_nano.a(lib_a-mlock.o)
 .debug_frame   0x00003c74       0x20 c:/program files (x86)/atollic/truestudio for stm32 9.0.0/armtools/bin/../lib/gcc/arm-atollic-eabi/6.3.1/../../../../arm-atollic-eabi/lib/armv7-m\libc_nano.a(lib_a-nano-msizer.o)
 .debug_frame   0x00003c94       0x5c c:/program files (x86)/atollic/truestudio for stm32 9.0.0/armtools/bin/../lib/gcc/arm-atollic-eabi/6.3.1/../../../../arm-atollic-eabi/lib/armv7-m\libc_nano.a(lib_a-reent.o)
 .debug_frame   0x00003cf0       0x20 c:/program files (x86)/atollic/truestudio for stm32 9.0.0/armtools/bin/../lib/gcc/arm-atollic-eabi/6.3.1/../../../../arm-atollic-eabi/lib/armv7-m\libnosys.a(sbrk.o)
