Archive member included to satisfy reference by file (symbol)

c:/program files (x86)/atollic/truestudio for stm32 9.0.0/armtools/bin/../lib/gcc/arm-atollic-eabi/6.3.1/../../../../arm-atollic-eabi/lib/armv7-m\libc_nano.a(lib_a-init.o)
                              Application\TrueSTUDIO\startup_stm32f103xb.o (__libc_init_array)

Allocating common symbols
Common symbol       size              file

CMDE                0x1               Application\User\main.o
DirD                0x2               Application\User\main.o
Dist_Obst           0x4               Application\User\main.o
_DirD               0x2               Application\User\main.o
CVitG               0x2               Application\User\main.o
htim4               0x40              Application\User\tim.o
huart3              0x40              Application\User\usart.o
VitG                0x2               Application\User\main.o
Dist_ACS_3          0x2               Application\User\main.o
DistG               0x2               Application\User\main.o
uwTick              0x4               Drivers\STM32F1xx_HAL_Driver\stm32f1xx_hal.o
pFlash              0x20              Drivers\STM32F1xx_HAL_Driver\stm32f1xx_hal_flash.o
Dist_ACS_2          0x2               Application\User\main.o
VBat                0x2               Application\User\main.o
htim3               0x40              Application\User\tim.o
Mode                0x1               Application\User\main.o
hadc1               0x30              Application\User\adc.o
Dist_Obst_          0x4               Application\User\main.o
DistD               0x2               Application\User\main.o
Dist_Obst_cm        0x4               Application\User\main.o
_DirG               0x2               Application\User\main.o
Buff_Dist           0x10              Application\User\main.o
hdma_adc1           0x44              Application\User\adc.o
adc_buffer          0x14              Application\User\main.o
VitD                0x2               Application\User\main.o
htim2               0x40              Application\User\tim.o
DirG                0x2               Application\User\main.o
BLUE_RX             0x1               Application\User\main.o
CVitD               0x2               Application\User\main.o
Dist_ACS_4          0x2               Application\User\main.o
Dist                0x4               Application\User\main.o
Dist_ACS_1          0x2               Application\User\main.o

Discarded input sections

 .text          0x00000000        0x0 c:/program files (x86)/atollic/truestudio for stm32 9.0.0/armtools/bin/../lib/gcc/arm-atollic-eabi/6.3.1/armv7-m/crti.o
 .data          0x00000000        0x0 c:/program files (x86)/atollic/truestudio for stm32 9.0.0/armtools/bin/../lib/gcc/arm-atollic-eabi/6.3.1/armv7-m/crti.o
 .bss           0x00000000        0x0 c:/program files (x86)/atollic/truestudio for stm32 9.0.0/armtools/bin/../lib/gcc/arm-atollic-eabi/6.3.1/armv7-m/crti.o
 .data          0x00000000        0x4 c:/program files (x86)/atollic/truestudio for stm32 9.0.0/armtools/bin/../lib/gcc/arm-atollic-eabi/6.3.1/armv7-m/crtbegin.o
 .text          0x00000000       0x14 Application\TrueSTUDIO\startup_stm32f103xb.o
 .data          0x00000000        0x0 Application\TrueSTUDIO\startup_stm32f103xb.o
 .bss           0x00000000        0x0 Application\TrueSTUDIO\startup_stm32f103xb.o
 .text          0x00000000        0x0 Application\User\adc.o
 .data          0x00000000        0x0 Application\User\adc.o
 .bss           0x00000000        0x0 Application\User\adc.o
 .text.HAL_ADC_MspDeInit
                0x00000000       0x58 Application\User\adc.o
 .text          0x00000000        0x0 Application\User\dma.o
 .data          0x00000000        0x0 Application\User\dma.o
 .bss           0x00000000        0x0 Application\User\dma.o
 .text          0x00000000        0x0 Application\User\gpio.o
 .data          0x00000000        0x0 Application\User\gpio.o
 .bss           0x00000000        0x0 Application\User\gpio.o
 .text          0x00000000        0x0 Application\User\main.o
 .data          0x00000000        0x0 Application\User\main.o
 .bss           0x00000000        0x0 Application\User\main.o
 .data.UNE_FOIS
                0x00000000        0x1 Application\User\main.o
 .bss.OV        0x00000000        0x4 Application\User\main.o
 .text          0x00000000        0x0 Application\User\stm32f1xx_hal_msp.o
 .data          0x00000000        0x0 Application\User\stm32f1xx_hal_msp.o
 .bss           0x00000000        0x0 Application\User\stm32f1xx_hal_msp.o
 .text          0x00000000        0x0 Application\User\stm32f1xx_it.o
 .data          0x00000000        0x0 Application\User\stm32f1xx_it.o
 .bss           0x00000000        0x0 Application\User\stm32f1xx_it.o
 .text          0x00000000        0x0 Application\User\tim.o
 .data          0x00000000        0x0 Application\User\tim.o
 .bss           0x00000000        0x0 Application\User\tim.o
 .text.HAL_TIM_Base_MspDeInit
[...]
Memory Configuration

Name             Origin             Length             Attributes
RAM              0x20000000         0x00005000         xrw
FLASH            0x08000000         0x00020000         xr
*default*        0x00000000         0xffffffff

Linker script and memory map

LOAD c:/program files (x86)/atollic/truestudio for stm32 9.0.0/armtools/bin/../lib/gcc/arm-atollic-eabi/6.3.1/armv7-m/crti.o
LOAD c:/program files (x86)/atollic/truestudio for stm32 9.0.0/armtools/bin/../lib/gcc/arm-atollic-eabi/6.3.1/armv7-m/crtbegin.o
LOAD Application\TrueSTUDIO\startup_stm32f103xb.o
LOAD Application\User\adc.o
LOAD Application\User\dma.o
LOAD Application\User\gpio.o
LOAD Application\User\main.o
LOAD Application\User\stm32f1xx_hal_msp.o
LOAD Application\User\stm32f1xx_it.o
LOAD Application\User\tim.o
LOAD Application\User\usart.o
LOAD Drivers\CMSIS\system_stm32f1xx.o
LOAD Drivers\STM32F1xx_HAL_Driver\stm32f1xx_hal.o
LOAD Drivers\STM32F1xx_HAL_Driver\stm32f1xx_hal_adc.o
LOAD Drivers\STM32F1xx_HAL_Driver\stm32f1xx_hal_adc_ex.o
LOAD Drivers\STM32F1xx_HAL_Driver\stm32f1xx_hal_cortex.o
LOAD Drivers\STM32F1xx_HAL_Driver\stm32f1xx_hal_dma.o
LOAD Drivers\STM32F1xx_HAL_Driver\stm32f1xx_hal_flash.o
LOAD Drivers\STM32F1xx_HAL_Driver\stm32f1xx_hal_flash_ex.o
LOAD Drivers\STM32F1xx_HAL_Driver\stm32f1xx_hal_gpio.o
LOAD Drivers\STM32F1xx_HAL_Driver\stm32f1xx_hal_gpio_ex.o
LOAD Drivers\STM32F1xx_HAL_Driver\stm32f1xx_hal_pwr.o
LOAD Drivers\STM32F1xx_HAL_Driver\stm32f1xx_hal_rcc.o
LOAD Drivers\STM32F1xx_HAL_Driver\stm32f1xx_hal_rcc_ex.o
LOAD Drivers\STM32F1xx_HAL_Driver\stm32f1xx_hal_tim.o
LOAD Drivers\STM32F1xx_HAL_Driver\stm32f1xx_hal_tim_ex.o
LOAD Drivers\STM32F1xx_HAL_Driver\stm32f1xx_hal_uart.o
                0x00000080                malloc_getpagesize_P = 0x80
START GROUP
LOAD c:/program files (x86)/atollic/truestudio for stm32 9.0.0/armtools/bin/../lib/gcc/arm-atollic-eabi/6.3.1/../../../../arm-atollic-eabi/lib/armv7-m\libc_nano.a
LOAD c:/program files (x86)/atollic/truestudio for stm32 9.0.0/armtools/bin/../lib/gcc/arm-atollic-eabi/6.3.1/../../../../arm-atollic-eabi/lib/armv7-m\libm.a
END GROUP
START GROUP
LOAD c:/program files (x86)/atollic/truestudio for stm32 9.0.0/armtools/bin/../lib/gcc/arm-atollic-eabi/6.3.1/armv7-m\libgcc.a
LOAD c:/program files (x86)/atollic/truestudio for stm32 9.0.0/armtools/bin/../lib/gcc/arm-atollic-eabi/6.3.1/../../../../arm-atollic-eabi/lib/armv7-m\libc_nano.a
END GROUP
START GROUP
LOAD c:/program files (x86)/atollic/truestudio for stm32 9.0.0/armtools/bin/../lib/gcc/arm-atollic-eabi/6.3.1/armv7-m\libgcc.a
LOAD c:/program files (x86)/atollic/truestudio for stm32 9.0.0/armtools/bin/../lib/gcc/arm-atollic-eabi/6.3.1/../../../../arm-atollic-eabi/lib/armv7-m\libc_nano.a
LOAD c:/program files (x86)/atollic/truestudio for stm32 9.0.0/armtools/bin/../lib/gcc/arm-atollic-eabi/6.3.1/../../../../arm-atollic-eabi/lib/armv7-m\libnosys.a
END GROUP
START GROUP
LOAD c:/program files (x86)/atollic/truestudio for stm32 9.0.0/armtools/bin/../lib/gcc/arm-atollic-eabi/6.3.1/armv7-m\libgcc.a
LOAD c:/program files (x86)/atollic/truestudio for stm32 9.0.0/armtools/bin/../lib/gcc/arm-atollic-eabi/6.3.1/../../../../arm-atollic-eabi/lib/armv7-m\libc_nano.a
LOAD c:/program files (x86)/atollic/truestudio for stm32 9.0.0/armtools/bin/../lib/gcc/arm-atollic-eabi/6.3.1/../../../../arm-atollic-eabi/lib/armv7-m\libnosys.a
END GROUP
LOAD c:/program files (x86)/atollic/truestudio for stm32 9.0.0/armtools/bin/../lib/gcc/arm-atollic-eabi/6.3.1/armv7-m/crtend.o
LOAD c:/program files (x86)/atollic/truestudio for stm32 9.0.0/armtools/bin/../lib/gcc/arm-atollic-eabi/6.3.1/armv7-m/crtn.o
                0x20005000                _estack = 0x20005000
                0x00000200                _Min_Heap_Size = 0x200
                0x00000400                _Min_Stack_Size = 0x400

.isr_vector     0x08000000      0x10c
                0x08000000                . = ALIGN (0x4)
 *(.isr_vector)
 .isr_vector    0x08000000      0x10c Application\TrueSTUDIO\startup_stm32f103xb.o
                0x08000000                g_pfnVectors
                0x0800010c                . = ALIGN (0x4)

.text           0x0800010c     0x7304
                0x0800010c                . = ALIGN (0x4)
 *(.text)
 .text          0x0800010c       0x40 c:/program files (x86)/atollic/truestudio for stm32 9.0.0/armtools/bin/../lib/gcc/arm-atollic-eabi/6.3.1/armv7-m/crtbegin.o
 *(.text*)
 .text.Reset_Handler
                0x0800014c       0x48 Application\TrueSTUDIO\startup_stm32f103xb.o
                0x0800014c                Reset_Handler
 .text.Default_Handler
                0x08000194        0x2 Application\TrueSTUDIO\startup_stm32f103xb.o
                0x08000194                RTC_Alarm_IRQHandler
                0x08000194                EXTI2_IRQHandler
                0x08000194                DebugMon_Handler
                0x08000194                TIM1_CC_IRQHandler
                0x08000194                HardFault_Handler
                0x08000194                PVD_IRQHandler
                0x08000194                PendSV_Handler
                0x08000194                NMI_Handler
                0x08000194                EXTI3_IRQHandler
                0x08000194                EXTI0_IRQHandler
                0x08000194                I2C2_EV_IRQHandler
                0x08000194                UsageFault_Handler
                0x08000194                SPI1_IRQHandler
                0x08000194                TAMPER_IRQHandler
                0x08000194                DMA1_Channel4_IRQHandler
                0x08000194                RTC_IRQHandler
                0x08000194                DMA1_Channel7_IRQHandler
                0x08000194                CAN1_RX1_IRQHandler
                0x08000194                TIM4_IRQHandler
                0x08000194                I2C1_EV_IRQHandler
                0x08000194                DMA1_Channel6_IRQHandler
                0x08000194                TIM3_IRQHandler
                0x08000194                RCC_IRQHandler
                0x08000194                TIM1_TRG_COM_IRQHandler
                0x08000194                Default_Handler
                0x08000194                EXTI9_5_IRQHandler
                0x08000194                SPI2_IRQHandler
                0x08000194                MemManage_Handler
                0x08000194                SVC_Handler
                0x08000194                DMA1_Channel5_IRQHandler
                0x08000194                EXTI4_IRQHandler
                0x08000194                USB_LP_CAN1_RX0_IRQHandler
                0x08000194                USB_HP_CAN1_TX_IRQHandler
                0x08000194                DMA1_Channel3_IRQHandler
                0x08000194                TIM1_UP_IRQHandler
                0x08000194                WWDG_IRQHandler
                0x08000194                TIM1_BRK_IRQHandler
                0x08000194                EXTI1_IRQHandler
                0x08000194                USART2_IRQHandler
                0x08000194                I2C2_ER_IRQHandler
                0x08000194                DMA1_Channel2_IRQHandler
                0x08000194                CAN1_SCE_IRQHandler
                0x08000194                FLASH_IRQHandler
                0x08000194                BusFault_Handler
                0x08000194                USART1_IRQHandler
                0x08000194                I2C1_ER_IRQHandler
                0x08000194                USBWakeUp_IRQHandler
 *fill*         0x08000196        0x2 
 .text.MX_ADC1_Init
                0x08000198      0x138 Application\User\adc.o
                0x08000198                MX_ADC1_Init
 .text.HAL_ADC_MspInit
                0x080002d0       0xdc Application\User\adc.o
                0x080002d0                HAL_ADC_MspInit
 .text.MX_DMA_Init
                0x080003ac       0x3c Application\User\dma.o
                0x080003ac                MX_DMA_Init
 .text.MX_GPIO_Init
                0x080003e8      0x180 Application\User\gpio.o
                0x080003e8                MX_GPIO_Init
 .text.main     0x08000568       0xa8 Application\User\main.o
                0x08000568                main
 .text.SystemClock_Config
                0x08000610       0xc0 Application\User\main.o
                0x08000610                SystemClock_Config
 .text.MX_NVIC_Init
                0x080006d0       0x28 Application\User\main.o
 .text.Gestion_Commandes
                0x080006f8      0xa10 Application\User\main.o
                0x080006f8                Gestion_Commandes
 .text.controle
                0x08001108       0x28 Application\User\main.o
                0x08001108                controle
 .text.ACS      0x08001130      0x338 Application\User\main.o
                0x08001130                ACS
 .text.Calcul_Vit
                0x08001468       0xb8 Application\User\main.o
                0x08001468                Calcul_Vit
 .text.regulateur
                0x08001520      0x2e8 Application\User\main.o
                0x08001520                regulateur
 .text.HAL_UART_RxCpltCallback
                0x08001808       0xb8 Application\User\main.o
                0x08001808                HAL_UART_RxCpltCallback
 .text.HAL_ADC_ConvCpltCallback
                0x080018c0       0x88 Application\User\main.o
                0x080018c0                HAL_ADC_ConvCpltCallback
 .text.HAL_TIM_PeriodElapsedCallback
                0x08001948       0xfc Application\User\main.o
                0x08001948                HAL_TIM_PeriodElapsedCallback
 .text.HAL_GPIO_EXTI_Callback
                0x08001a44       0x48 Application\User\main.o
                0x08001a44                HAL_GPIO_EXTI_Callback
 .text.HAL_ADC_LevelOutOfWindowCallback
                0x08001a8c       0x20 Application\User\main.o
                0x08001a8c                HAL_ADC_LevelOutOfWindowCallback
 .text._Error_Handler
                0x08001aac        0xc Application\User\main.o
                0x08001aac                _Error_Handler
 .text.assert_failed
                0x08001ab8       0x14 Application\User\main.o
                0x08001ab8                assert_failed
 .text.HAL_MspInit
                0x08001acc       0xa4 Application\User\stm32f1xx_hal_msp.o
                0x08001acc                HAL_MspInit
 .text.SysTick_Handler
                0x08001b70       0x10 Application\User\stm32f1xx_it.o
                0x08001b70                SysTick_Handler
 .text.DMA1_Channel1_IRQHandler
                0x08001b80       0x14 Application\User\stm32f1xx_it.o
                0x08001b80                DMA1_Channel1_IRQHandler
 .text.ADC1_2_IRQHandler
                0x08001b94       0x14 Application\User\stm32f1xx_it.o
                0x08001b94                ADC1_2_IRQHandler
 .text.TIM2_IRQHandler
                0x08001ba8       0x14 Application\User\stm32f1xx_it.o
                0x08001ba8                TIM2_IRQHandler
 .text.USART3_IRQHandler
                0x08001bbc       0x14 Application\User\stm32f1xx_it.o
                0x08001bbc                USART3_IRQHandler
 .text.EXTI15_10_IRQHandler
                0x08001bd0       0x10 Application\User\stm32f1xx_it.o
                0x08001bd0                EXTI15_10_IRQHandler
 .text.MX_TIM2_Init
                0x08001be0       0xf4 Application\User\tim.o
                0x08001be0                MX_TIM2_Init
 .text.MX_TIM3_Init
                0x08001cd4       0xa0 Application\User\tim.o
                0x08001cd4                MX_TIM3_Init
 .text.MX_TIM4_Init
                0x08001d74       0xa0 Application\User\tim.o
                0x08001d74                MX_TIM4_Init
 .text.HAL_TIM_Base_MspInit
                0x08001e14       0x48 Application\User\tim.o
                0x08001e14                HAL_TIM_Base_MspInit
 .text.HAL_TIM_Encoder_MspInit
                0x08001e5c       0xc0 Application\User\tim.o
                0x08001e5c                HAL_TIM_Encoder_MspInit
 .text.HAL_TIM_MspPostInit
                0x08001f1c       0x80 Application\User\tim.o
                0x08001f1c                HAL_TIM_MspPostInit
 .text.MX_USART3_UART_Init
                0x08001f9c       0x5c Application\User\usart.o
                0x08001f9c                MX_USART3_UART_Init
 .text.HAL_UART_MspInit
                0x08001ff8       0x9c Application\User\usart.o
                0x08001ff8                HAL_UART_MspInit
 .text.SystemInit
                0x08002094       0x68 Drivers\CMSIS\system_stm32f1xx.o
                0x08002094                SystemInit
 .text.HAL_Init
                0x080020fc       0x2c Drivers\STM32F1xx_HAL_Driver\stm32f1xx_hal.o
                0x080020fc                HAL_Init
 .text.HAL_InitTick
                0x08002128       0x60 Drivers\STM32F1xx_HAL_Driver\stm32f1xx_hal.o
                0x08002128                HAL_InitTick
 .text.HAL_IncTick
                0x08002188       0x24 Drivers\STM32F1xx_HAL_Driver\stm32f1xx_hal.o
                0x08002188                HAL_IncTick
 .text.HAL_GetTick
                0x080021ac       0x14 Drivers\STM32F1xx_HAL_Driver\stm32f1xx_hal.o
                0x080021ac                HAL_GetTick
 .text.HAL_SuspendTick
                0x080021c0       0x1c Drivers\STM32F1xx_HAL_Driver\stm32f1xx_hal.o
                0x080021c0                HAL_SuspendTick
 .text.HAL_ADC_Init
                0x080021dc      0x2d4 Drivers\STM32F1xx_HAL_Driver\stm32f1xx_hal_adc.o
                0x080021dc                HAL_ADC_Init
 .text.HAL_ADC_Start_IT
                0x080024b0      0x190 Drivers\STM32F1xx_HAL_Driver\stm32f1xx_hal_adc.o
                0x080024b0                HAL_ADC_Start_IT
 .text.HAL_ADC_Start_DMA
                0x08002640      0x1d4 Drivers\STM32F1xx_HAL_Driver\stm32f1xx_hal_adc.o
                0x08002640                HAL_ADC_Start_DMA
 .text.HAL_ADC_Stop_DMA
                0x08002814       0xa8 Drivers\STM32F1xx_HAL_Driver\stm32f1xx_hal_adc.o
                0x08002814                HAL_ADC_Stop_DMA
 .text.HAL_ADC_IRQHandler
                0x080028bc      0x1e4 Drivers\STM32F1xx_HAL_Driver\stm32f1xx_hal_adc.o
                0x080028bc                HAL_ADC_IRQHandler
 .text.HAL_ADC_ConvHalfCpltCallback
                0x08002aa0       0x12 Drivers\STM32F1xx_HAL_Driver\stm32f1xx_hal_adc.o
                0x08002aa0                HAL_ADC_ConvHalfCpltCallback
 .text.HAL_ADC_ErrorCallback
                0x08002ab2       0x12 Drivers\STM32F1xx_HAL_Driver\stm32f1xx_hal_adc.o
                0x08002ab2                HAL_ADC_ErrorCallback
 .text.HAL_ADC_ConfigChannel
                0x08002ac4      0x388 Drivers\STM32F1xx_HAL_Driver\stm32f1xx_hal_adc.o
                0x08002ac4                HAL_ADC_ConfigChannel
 .text.HAL_ADC_AnalogWDGConfig
                0x08002e4c      0x210 Drivers\STM32F1xx_HAL_Driver\stm32f1xx_hal_adc.o
                0x08002e4c                HAL_ADC_AnalogWDGConfig
 .text.ADC_Enable
                0x0800305c       0xa4 Drivers\STM32F1xx_HAL_Driver\stm32f1xx_hal_adc.o
                0x0800305c                ADC_Enable
 .text.ADC_ConversionStop_Disable
                0x08003100       0x74 Drivers\STM32F1xx_HAL_Driver\stm32f1xx_hal_adc.o
                0x08003100                ADC_ConversionStop_Disable
 .text.ADC_DMAConvCplt
                0x08003174       0x7c Drivers\STM32F1xx_HAL_Driver\stm32f1xx_hal_adc.o
                0x08003174                ADC_DMAConvCplt
 .text.ADC_DMAHalfConvCplt
                0x080031f0       0x1c Drivers\STM32F1xx_HAL_Driver\stm32f1xx_hal_adc.o
                0x080031f0                ADC_DMAHalfConvCplt
 .text.ADC_DMAError
                0x0800320c       0x34 Drivers\STM32F1xx_HAL_Driver\stm32f1xx_hal_adc.o
                0x0800320c                ADC_DMAError
 .text.HAL_ADCEx_InjectedConvCpltCallback
                0x08003240       0x12 Drivers\STM32F1xx_HAL_Driver\stm32f1xx_hal_adc_ex.o
                0x08003240                HAL_ADCEx_InjectedConvCpltCallback
 *fill*         0x08003252        0x2 
 .text.NVIC_SetPriorityGrouping
                0x08003254       0x48 Drivers\STM32F1xx_HAL_Driver\stm32f1xx_hal_cortex.o
 .text.NVIC_GetPriorityGrouping
                0x0800329c       0x1c Drivers\STM32F1xx_HAL_Driver\stm32f1xx_hal_cortex.o
 .text.NVIC_EnableIRQ
                0x080032b8       0x30 Drivers\STM32F1xx_HAL_Driver\stm32f1xx_hal_cortex.o
 .text.NVIC_SetPriority
                0x080032e8       0x54 Drivers\STM32F1xx_HAL_Driver\stm32f1xx_hal_cortex.o
 .text.NVIC_EncodePriority
                0x0800333c       0x60 Drivers\STM32F1xx_HAL_Driver\stm32f1xx_hal_cortex.o
 .text.SysTick_Config
                0x0800339c       0x44 Drivers\STM32F1xx_HAL_Driver\stm32f1xx_hal_cortex.o
 .text.HAL_NVIC_SetPriorityGrouping
                0x080033e0       0x40 Drivers\STM32F1xx_HAL_Driver\stm32f1xx_hal_cortex.o
                0x080033e0                HAL_NVIC_SetPriorityGrouping
 .text.HAL_NVIC_SetPriority
                0x08003420       0x58 Drivers\STM32F1xx_HAL_Driver\stm32f1xx_hal_cortex.o
                0x08003420                HAL_NVIC_SetPriority
 .text.HAL_NVIC_EnableIRQ
                0x08003478       0x30 Drivers\STM32F1xx_HAL_Driver\stm32f1xx_hal_cortex.o
                0x08003478                HAL_NVIC_EnableIRQ
 .text.HAL_SYSTICK_Config
                0x080034a8       0x18 Drivers\STM32F1xx_HAL_Driver\stm32f1xx_hal_cortex.o
                0x080034a8                HAL_SYSTICK_Config
 .text.HAL_SYSTICK_CLKSourceConfig
                0x080034c0       0x50 Drivers\STM32F1xx_HAL_Driver\stm32f1xx_hal_cortex.o
                0x080034c0                HAL_SYSTICK_CLKSourceConfig
 .text.HAL_SYSTICK_IRQHandler
                0x08003510        0xc Drivers\STM32F1xx_HAL_Driver\stm32f1xx_hal_cortex.o
                0x08003510                HAL_SYSTICK_IRQHandler
 .text.HAL_SYSTICK_Callback
                0x0800351c        0xc Drivers\STM32F1xx_HAL_Driver\stm32f1xx_hal_cortex.o
                0x0800351c                HAL_SYSTICK_Callback
 .text.HAL_DMA_Init
                0x08003528      0x218 Drivers\STM32F1xx_HAL_Driver\stm32f1xx_hal_dma.o
                0x08003528                HAL_DMA_Init
 .text.HAL_DMA_Start_IT
                0x08003740       0xdc Drivers\STM32F1xx_HAL_Driver\stm32f1xx_hal_dma.o
                0x08003740                HAL_DMA_Start_IT
 .text.HAL_DMA_Abort
                0x0800381c       0x58 Drivers\STM32F1xx_HAL_Driver\stm32f1xx_hal_dma.o
                0x0800381c                HAL_DMA_Abort
 .text.HAL_DMA_Abort_IT
                0x08003874       0xf8 Drivers\STM32F1xx_HAL_Driver\stm32f1xx_hal_dma.o
                0x08003874                HAL_DMA_Abort_IT
 .text.HAL_DMA_IRQHandler
                0x0800396c      0x224 Drivers\STM32F1xx_HAL_Driver\stm32f1xx_hal_dma.o
                0x0800396c                HAL_DMA_IRQHandler
 .text.DMA_SetConfig
                0x08003b90       0x5a Drivers\STM32F1xx_HAL_Driver\stm32f1xx_hal_dma.o
 *fill*         0x08003bea        0x2 
 .text.HAL_GPIO_Init
                0x08003bec      0x468 Drivers\STM32F1xx_HAL_Driver\stm32f1xx_hal_gpio.o
                0x08003bec                HAL_GPIO_Init
 .text.HAL_GPIO_WritePin
                0x08004054       0x64 Drivers\STM32F1xx_HAL_Driver\stm32f1xx_hal_gpio.o
                0x08004054                HAL_GPIO_WritePin
 .text.HAL_GPIO_EXTI_IRQHandler
                0x080040b8       0x30 Drivers\STM32F1xx_HAL_Driver\stm32f1xx_hal_gpio.o
                0x080040b8                HAL_GPIO_EXTI_IRQHandler
 .text.HAL_PWR_EnterSLEEPMode
                0x080040e8       0x50 Drivers\STM32F1xx_HAL_Driver\stm32f1xx_hal_pwr.o
                0x080040e8                HAL_PWR_EnterSLEEPMode
 .text.HAL_RCC_OscConfig
                0x08004138      0x6b8 Drivers\STM32F1xx_HAL_Driver\stm32f1xx_hal_rcc.o
                0x08004138                HAL_RCC_OscConfig
 .text.HAL_RCC_ClockConfig
                0x080047f0      0x344 Drivers\STM32F1xx_HAL_Driver\stm32f1xx_hal_rcc.o
                0x080047f0                HAL_RCC_ClockConfig
 .text.HAL_RCC_GetSysClockFreq
                0x08004b34       0xc4 Drivers\STM32F1xx_HAL_Driver\stm32f1xx_hal_rcc.o
                0x08004b34                HAL_RCC_GetSysClockFreq
 .text.HAL_RCC_GetHCLKFreq
                0x08004bf8       0x14 Drivers\STM32F1xx_HAL_Driver\stm32f1xx_hal_rcc.o
                0x08004bf8                HAL_RCC_GetHCLKFreq
 .text.HAL_RCC_GetPCLK1Freq
                0x08004c0c       0x28 Drivers\STM32F1xx_HAL_Driver\stm32f1xx_hal_rcc.o
                0x08004c0c                HAL_RCC_GetPCLK1Freq
 .text.HAL_RCC_GetPCLK2Freq
                0x08004c34       0x28 Drivers\STM32F1xx_HAL_Driver\stm32f1xx_hal_rcc.o
                0x08004c34                HAL_RCC_GetPCLK2Freq
 .text.RCC_Delay
                0x08004c5c       0x3c Drivers\STM32F1xx_HAL_Driver\stm32f1xx_hal_rcc.o
 .text.HAL_RCCEx_PeriphCLKConfig
                0x08004c98      0x214 Drivers\STM32F1xx_HAL_Driver\stm32f1xx_hal_rcc_ex.o
                0x08004c98                HAL_RCCEx_PeriphCLKConfig
 .text.HAL_TIM_Base_Init
                0x08004eac      0x104 Drivers\STM32F1xx_HAL_Driver\stm32f1xx_hal_tim.o
                0x08004eac                HAL_TIM_Base_Init
 .text.HAL_TIM_Base_Start_IT
                0x08004fb0       0x74 Drivers\STM32F1xx_HAL_Driver\stm32f1xx_hal_tim.o
                0x08004fb0                HAL_TIM_Base_Start_IT
 .text.HAL_TIM_PWM_Init
                0x08005024      0x10c Drivers\STM32F1xx_HAL_Driver\stm32f1xx_hal_tim.o
                0x08005024                HAL_TIM_PWM_Init
 .text.HAL_TIM_PWM_MspInit
                0x08005130       0x12 Drivers\STM32F1xx_HAL_Driver\stm32f1xx_hal_tim.o
                0x08005130                HAL_TIM_PWM_MspInit
 *fill*         0x08005142        0x2 
 .text.HAL_TIM_PWM_Start
                0x08005144       0xf0 Drivers\STM32F1xx_HAL_Driver\stm32f1xx_hal_tim.o
                0x08005144                HAL_TIM_PWM_Start
 .text.HAL_TIM_PWM_Stop
                0x08005234      0x138 Drivers\STM32F1xx_HAL_Driver\stm32f1xx_hal_tim.o
                0x08005234                HAL_TIM_PWM_Stop
 .text.HAL_TIM_Encoder_Init
                0x0800536c      0x2f8 Drivers\STM32F1xx_HAL_Driver\stm32f1xx_hal_tim.o
                0x0800536c                HAL_TIM_Encoder_Init
 .text.HAL_TIM_Encoder_Start
                0x08005664       0xb0 Drivers\STM32F1xx_HAL_Driver\stm32f1xx_hal_tim.o
                0x08005664                HAL_TIM_Encoder_Start
 .text.HAL_TIM_IRQHandler
                0x08005714      0x210 Drivers\STM32F1xx_HAL_Driver\stm32f1xx_hal_tim.o
                0x08005714                HAL_TIM_IRQHandler
 .text.HAL_TIM_PWM_ConfigChannel
                0x08005924      0x2dc Drivers\STM32F1xx_HAL_Driver\stm32f1xx_hal_tim.o
                0x08005924                HAL_TIM_PWM_ConfigChannel
 .text.HAL_TIM_ConfigClockSource
                0x08005c00      0x604 Drivers\STM32F1xx_HAL_Driver\stm32f1xx_hal_tim.o
                0x08005c00                HAL_TIM_ConfigClockSource
 .text.HAL_TIM_OC_DelayElapsedCallback
                0x08006204       0x12 Drivers\STM32F1xx_HAL_Driver\stm32f1xx_hal_tim.o
                0x08006204                HAL_TIM_OC_DelayElapsedCallback
 .text.HAL_TIM_IC_CaptureCallback
                0x08006216       0x12 Drivers\STM32F1xx_HAL_Driver\stm32f1xx_hal_tim.o
                0x08006216                HAL_TIM_IC_CaptureCallback
 .text.HAL_TIM_PWM_PulseFinishedCallback
                0x08006228       0x12 Drivers\STM32F1xx_HAL_Driver\stm32f1xx_hal_tim.o
                0x08006228                HAL_TIM_PWM_PulseFinishedCallback
 .text.HAL_TIM_TriggerCallback
                0x0800623a       0x12 Drivers\STM32F1xx_HAL_Driver\stm32f1xx_hal_tim.o
                0x0800623a                HAL_TIM_TriggerCallback
 .text.TIM_Base_SetConfig
                0x0800624c       0xcc Drivers\STM32F1xx_HAL_Driver\stm32f1xx_hal_tim.o
                0x0800624c                TIM_Base_SetConfig
 .text.TIM_OC1_SetConfig
                0x08006318      0x12c Drivers\STM32F1xx_HAL_Driver\stm32f1xx_hal_tim.o
 .text.TIM_OC2_SetConfig
                0x08006444      0x134 Drivers\STM32F1xx_HAL_Driver\stm32f1xx_hal_tim.o
                0x08006444                TIM_OC2_SetConfig
 .text.TIM_OC3_SetConfig
                0x08006578      0x134 Drivers\STM32F1xx_HAL_Driver\stm32f1xx_hal_tim.o
 .text.TIM_OC4_SetConfig
                0x080066ac       0xc8 Drivers\STM32F1xx_HAL_Driver\stm32f1xx_hal_tim.o
 .text.TIM_TI1_ConfigInputStage
                0x08006774       0x64 Drivers\STM32F1xx_HAL_Driver\stm32f1xx_hal_tim.o
 .text.TIM_TI2_ConfigInputStage
                0x080067d8       0x66 Drivers\STM32F1xx_HAL_Driver\stm32f1xx_hal_tim.o
 .text.TIM_ITRx_SetConfig
                0x0800683e       0x3e Drivers\STM32F1xx_HAL_Driver\stm32f1xx_hal_tim.o
 .text.TIM_ETR_SetConfig
                0x0800687c       0x42 Drivers\STM32F1xx_HAL_Driver\stm32f1xx_hal_tim.o
 *fill*         0x080068be        0x2 
 .text.TIM_CCxChannelCmd
                0x080068c0       0xa4 Drivers\STM32F1xx_HAL_Driver\stm32f1xx_hal_tim.o
                0x080068c0                TIM_CCxChannelCmd
 .text.HAL_TIMEx_MasterConfigSynchronization
                0x08006964      0x12c Drivers\STM32F1xx_HAL_Driver\stm32f1xx_hal_tim_ex.o
                0x08006964                HAL_TIMEx_MasterConfigSynchronization
 .text.HAL_TIMEx_CommutationCallback
                0x08006a90       0x12 Drivers\STM32F1xx_HAL_Driver\stm32f1xx_hal_tim_ex.o
                0x08006a90                HAL_TIMEx_CommutationCallback
 .text.HAL_TIMEx_BreakCallback
                0x08006aa2       0x12 Drivers\STM32F1xx_HAL_Driver\stm32f1xx_hal_tim_ex.o
                0x08006aa2                HAL_TIMEx_BreakCallback
 .text.HAL_UART_Init
                0x08006ab4      0x150 Drivers\STM32F1xx_HAL_Driver\stm32f1xx_hal_uart.o
                0x08006ab4                HAL_UART_Init
 .text.HAL_UART_Receive_IT
                0x08006c04       0xa8 Drivers\STM32F1xx_HAL_Driver\stm32f1xx_hal_uart.o
                0x08006c04                HAL_UART_Receive_IT
 .text.HAL_UART_IRQHandler
                0x08006cac      0x1f8 Drivers\STM32F1xx_HAL_Driver\stm32f1xx_hal_uart.o
                0x08006cac                HAL_UART_IRQHandler
 .text.HAL_UART_TxCpltCallback
                0x08006ea4       0x12 Drivers\STM32F1xx_HAL_Driver\stm32f1xx_hal_uart.o
                0x08006ea4                HAL_UART_TxCpltCallback
 .text.HAL_UART_ErrorCallback
                0x08006eb6       0x12 Drivers\STM32F1xx_HAL_Driver\stm32f1xx_hal_uart.o
                0x08006eb6                HAL_UART_ErrorCallback
 .text.UART_EndRxTransfer
                0x08006ec8       0x3a Drivers\STM32F1xx_HAL_Driver\stm32f1xx_hal_uart.o
 .text.UART_DMAAbortOnError
                0x08006f02       0x28 Drivers\STM32F1xx_HAL_Driver\stm32f1xx_hal_uart.o
 .text.UART_Transmit_IT
                0x08006f2a       0xa8 Drivers\STM32F1xx_HAL_Driver\stm32f1xx_hal_uart.o
 .text.UART_EndTransmit_IT
                0x08006fd2       0x30 Drivers\STM32F1xx_HAL_Driver\stm32f1xx_hal_uart.o
 .text.UART_Receive_IT
                0x08007002      0x102 Drivers\STM32F1xx_HAL_Driver\stm32f1xx_hal_uart.o
 .text.UART_SetConfig
                0x08007104      0x2ac Drivers\STM32F1xx_HAL_Driver\stm32f1xx_hal_uart.o
 .text.__libc_init_array
                0x080073b0       0x48 c:/program files (x86)/atollic/truestudio for stm32 9.0.0/armtools/bin/../lib/gcc/arm-atollic-eabi/6.3.1/../../../../arm-atollic-eabi/lib/armv7-m\libc_nano.a(lib_a-init.o)
                0x080073b0                __libc_init_array
 *(.glue_7)
 .glue_7        0x080073f8        0x0 linker stubs
 *(.glue_7t)
 .glue_7t       0x080073f8        0x0 linker stubs
 *(.eh_frame)
 .eh_frame      0x080073f8        0x0 c:/program files (x86)/atollic/truestudio for stm32 9.0.0/armtools/bin/../lib/gcc/arm-atollic-eabi/6.3.1/armv7-m/crtbegin.o
 *(.init)
 .init          0x080073f8        0x4 c:/program files (x86)/atollic/truestudio for stm32 9.0.0/armtools/bin/../lib/gcc/arm-atollic-eabi/6.3.1/armv7-m/crti.o
                0x080073f8                _init
 .init          0x080073fc        0x8 c:/program files (x86)/atollic/truestudio for stm32 9.0.0/armtools/bin/../lib/gcc/arm-atollic-eabi/6.3.1/armv7-m/crtn.o
 *(.fini)
 .fini          0x08007404        0x4 c:/program files (x86)/atollic/truestudio for stm32 9.0.0/armtools/bin/../lib/gcc/arm-atollic-eabi/6.3.1/armv7-m/crti.o
                0x08007404                _fini
 .fini          0x08007408        0x8 c:/program files (x86)/atollic/truestudio for stm32 9.0.0/armtools/bin/../lib/gcc/arm-atollic-eabi/6.3.1/armv7-m/crtn.o
                0x08007410                . = ALIGN (0x4)
                0x08007410                _etext = .

.vfp11_veneer   0x08007410        0x0
 .vfp11_veneer  0x08007410        0x0 linker stubs

.v4_bx          0x08007410        0x0
 .v4_bx         0x08007410        0x0 linker stubs

.iplt           0x08007410        0x0
 .iplt          0x08007410        0x0 c:/program files (x86)/atollic/truestudio for stm32 9.0.0/armtools/bin/../lib/gcc/arm-atollic-eabi/6.3.1/armv7-m/crtbegin.o

.rodata         0x08007410      0x320
                0x08007410                . = ALIGN (0x4)
 *(.rodata)
 .rodata        0x08007410       0x13 Application\User\adc.o
 *fill*         0x08007423        0x1 
 .rodata        0x08007424       0x14 Application\User\main.o
 .rodata        0x08007438       0x13 Application\User\tim.o
 *fill*         0x0800744b        0x1 
 .rodata        0x0800744c       0x15 Application\User\usart.o
 *fill*         0x08007461        0x3 
 .rodata        0x08007464       0x3e Drivers\STM32F1xx_HAL_Driver\stm32f1xx_hal_adc.o
 *fill*         0x080074a2        0x2 
 .rodata        0x080074a4       0x41 Drivers\STM32F1xx_HAL_Driver\stm32f1xx_hal_cortex.o
 *fill*         0x080074e5        0x3 
 .rodata        0x080074e8       0x3e Drivers\STM32F1xx_HAL_Driver\stm32f1xx_hal_dma.o
 *fill*         0x08007526        0x2 
 .rodata        0x08007528       0x3f Drivers\STM32F1xx_HAL_Driver\stm32f1xx_hal_gpio.o
 *fill*         0x08007567        0x1 
 .rodata        0x08007568       0x3e Drivers\STM32F1xx_HAL_Driver\stm32f1xx_hal_pwr.o
 *fill*         0x080075a6        0x2 
 .rodata        0x080075a8       0x52 Drivers\STM32F1xx_HAL_Driver\stm32f1xx_hal_rcc.o
 *fill*         0x080075fa        0x2 
 .rodata        0x080075fc       0x56 Drivers\STM32F1xx_HAL_Driver\stm32f1xx_hal_rcc_ex.o
 *fill*         0x08007652        0x2 
 .rodata        0x08007654       0x3e Drivers\STM32F1xx_HAL_Driver\stm32f1xx_hal_tim.o
 *fill*         0x08007692        0x2 
 .rodata        0x08007694       0x41 Drivers\STM32F1xx_HAL_Driver\stm32f1xx_hal_tim_ex.o
 *fill*         0x080076d5        0x3 
 .rodata        0x080076d8       0x3f Drivers\STM32F1xx_HAL_Driver\stm32f1xx_hal_uart.o
 *(.rodata*)
 *fill*         0x08007717        0x1 
 .rodata.AHBPrescTable
                0x08007718       0x10 Drivers\CMSIS\system_stm32f1xx.o
                0x08007718                AHBPrescTable
 .rodata.APBPrescTable
                0x08007728        0x8 Drivers\CMSIS\system_stm32f1xx.o
                0x08007728                APBPrescTable
                0x08007730                . = ALIGN (0x4)

.rel.dyn        0x08007730        0x0
 .rel.iplt      0x08007730        0x0 c:/program files (x86)/atollic/truestudio for stm32 9.0.0/armtools/bin/../lib/gcc/arm-atollic-eabi/6.3.1/armv7-m/crtbegin.o

.ARM.extab
 *(.ARM.extab* .gnu.linkonce.armextab.*)

.ARM            0x08007730        0x0
                0x08007730                __exidx_start = .
 *(.ARM.exidx*)
                0x08007730                __exidx_end = .

.preinit_array  0x08007730        0x0
                0x08007730                PROVIDE (__preinit_array_start, .)
 *(.preinit_array*)
                0x08007730                PROVIDE (__preinit_array_end, .)

.init_array     0x08007730        0x4
                0x08007730                PROVIDE (__init_array_start, .)
 *(SORT(.init_array.*))
 *(.init_array*)
 .init_array    0x08007730        0x4 c:/program files (x86)/atollic/truestudio for stm32 9.0.0/armtools/bin/../lib/gcc/arm-atollic-eabi/6.3.1/armv7-m/crtbegin.o
                0x08007734                PROVIDE (__init_array_end, .)

.fini_array     0x08007734        0x4
                [!provide]                PROVIDE (__fini_array_start, .)
 *(SORT(.fini_array.*))
 *(.fini_array*)
 .fini_array    0x08007734        0x4 c:/program files (x86)/atollic/truestudio for stm32 9.0.0/armtools/bin/../lib/gcc/arm-atollic-eabi/6.3.1/armv7-m/crtbegin.o
                [!provide]                PROVIDE (__fini_array_end, .)
                0x08007738                _sidata = LOADADDR (.data)

.data           0x20000000        0xc load address 0x08007738
                0x20000000                . = ALIGN (0x4)
                0x20000000                _sdata = .
 *(.data)
 *(.data*)
 .data.SystemCoreClock
                0x20000000        0x4 Drivers\CMSIS\system_stm32f1xx.o
                0x20000000                SystemCoreClock
 .data.uwTickPrio
                0x20000004        0x4 Drivers\STM32F1xx_HAL_Driver\stm32f1xx_hal.o
                0x20000004                uwTickPrio
 .data.uwTickFreq
                0x20000008        0x1 Drivers\STM32F1xx_HAL_Driver\stm32f1xx_hal.o
                0x20000008                uwTickFreq
                0x2000000c                . = ALIGN (0x4)
 *fill*         0x20000009        0x3 
                0x2000000c                _edata = .

.igot.plt       0x2000000c        0x0 load address 0x08007744
 .igot.plt      0x2000000c        0x0 c:/program files (x86)/atollic/truestudio for stm32 9.0.0/armtools/bin/../lib/gcc/arm-atollic-eabi/6.3.1/armv7-m/crtbegin.o
                0x2000000c                . = ALIGN (0x4)

.bss            0x2000000c      0x234 load address 0x08007744
                0x2000000c                _sbss = .
                0x2000000c                __bss_start__ = _sbss
 *(.bss)
 .bss           0x2000000c       0x1c c:/program files (x86)/atollic/truestudio for stm32 9.0.0/armtools/bin/../lib/gcc/arm-atollic-eabi/6.3.1/armv7-m/crtbegin.o
 *(.bss*)
 .bss.New_CMDE  0x20000028        0x1 Application\User\main.o
                0x20000028                New_CMDE
 *fill*         0x20000029        0x3 
 .bss.Time      0x2000002c        0x4 Application\User\main.o
                0x2000002c                Time
 .bss.Tech      0x20000030        0x4 Application\User\main.o
                0x20000030                Tech
 .bss._CVitD    0x20000034        0x2 Application\User\main.o
                0x20000034                _CVitD
 .bss._CVitG    0x20000036        0x2 Application\User\main.o
                0x20000036                _CVitG
 .bss.DistD_old
                0x20000038        0x2 Application\User\main.o
                0x20000038                DistD_old
 .bss.DistG_old
                0x2000003a        0x2 Application\User\main.o
                0x2000003a                DistG_old
 .bss.Cmde_VitD
                0x2000003c        0x4 Application\User\main.o
                0x2000003c                Cmde_VitD
 .bss.Cmde_VitG
                0x20000040        0x4 Application\User\main.o
                0x20000040                Cmde_VitG
 .bss.Dist_parcours
                0x20000044        0x4 Application\User\main.o
                0x20000044                Dist_parcours
 .bss.Etat.7589
                0x20000048        0x1 Application\User\main.o
 .bss.Etat.7666
                0x20000049        0x1 Application\User\main.o
 .bss.Delta1.7667
                0x2000004a        0x2 Application\User\main.o
 .bss.Delta2.7668
                0x2000004c        0x2 Application\User\main.o
 .bss.Delta3.7669
                0x2000004e        0x2 Application\User\main.o
 .bss.Delta4.7670
                0x20000050        0x2 Application\User\main.o
 .bss.Etat.7683
                0x20000052        0x1 Application\User\main.o
 *fill*         0x20000053        0x1 
 .bss.ErreurD.7690
                0x20000054        0x2 Application\User\main.o
 .bss.ErreurG.7691
                0x20000056        0x2 Application\User\main.o
 .bss.S_erreursD.7694
                0x20000058        0x2 Application\User\main.o
 .bss.S_erreursG.7695
                0x2000005a        0x2 Application\User\main.o
 .bss.ErreurD_old.7692
                0x2000005c        0x2 Application\User\main.o
 .bss.V_erreurD.7696
                0x2000005e        0x2 Application\User\main.o
 .bss.ErreurG_old.7693
                0x20000060        0x2 Application\User\main.o
 .bss.V_erreurG.7697
                0x20000062        0x2 Application\User\main.o
 .bss.cpt.7717  0x20000064        0x1 Application\User\main.o
 .bss.TOGGLE.7727
                0x20000065        0x1 Application\User\main.o
 *(COMMON)
 *fill*         0x20000066        0x2 
 COMMON         0x20000068       0x74 Application\User\adc.o
                0x20000068                hadc1
                0x20000098                hdma_adc1
 COMMON         0x200000dc       0x5e Application\User\main.o
                0x200000dc                CMDE
                0x200000de                DirD
                0x200000e0                Dist_Obst
                0x200000e4                _DirD
                0x200000e6                CVitG
                0x200000e8                VitG
                0x200000ea                Dist_ACS_3
                0x200000ec                DistG
                0x200000ee                Dist_ACS_2
                0x200000f0                VBat
                0x200000f2                Mode
                0x200000f4                Dist_Obst_
                0x200000f8                DistD
                0x200000fc                Dist_Obst_cm
                0x20000100                _DirG
                0x20000104                Buff_Dist
                0x20000114                adc_buffer
                0x20000128                VitD
                0x2000012a                DirG
                0x2000012c                BLUE_RX
                0x2000012e                CVitD
                0x20000130                Dist_ACS_4
                0x20000134                Dist
                0x20000138                Dist_ACS_1
 *fill*         0x2000013a        0x2 
 COMMON         0x2000013c       0xc0 Application\User\tim.o
                0x2000013c                htim4
                0x2000017c                htim3
                0x200001bc                htim2
 COMMON         0x200001fc       0x40 Application\User\usart.o
                0x200001fc                huart3
 COMMON         0x2000023c        0x4 Drivers\STM32F1xx_HAL_Driver\stm32f1xx_hal.o
                0x2000023c                uwTick
                0x20000240                . = ALIGN (0x4)
                0x20000240                _ebss = .
                0x20000240                __bss_end__ = _ebss

._user_heap_stack
                0x20000240      0x600 load address 0x08007744
                0x20000240                . = ALIGN (0x4)
                [!provide]                PROVIDE (end, .)
                [!provide]                PROVIDE (_end, .)
                0x20000440                . = (. + _Min_Heap_Size)
 *fill*         0x20000240      0x200 
                0x20000840                . = (. + _Min_Stack_Size)
 *fill*         0x20000440      0x400 
                0x20000840                . = ALIGN (0x4)

/DISCARD/
 libc.a(*)
 libm.a(*)
 libgcc.a(*)

.ARM.attributes
                0x00000000       0x29
 *(.ARM.attributes)
 .ARM.attributes
                0x00000000       0x1d c:/program files (x86)/atollic/truestudio for stm32 9.0.0/armtools/bin/../lib/gcc/arm-atollic-eabi/6.3.1/armv7-m/crti.o
 .ARM.attributes
                0x0000001d       0x2d c:/program files (x86)/atollic/truestudio for stm32 9.0.0/armtools/bin/../lib/gcc/arm-atollic-eabi/6.3.1/armv7-m/crtbegin.o
 .ARM.attributes
                0x0000004a       0x21 Application\TrueSTUDIO\startup_stm32f103xb.o
 .ARM.attributes
                0x0000006b       0x33 Application\User\adc.o
 .ARM.attributes
                0x0000009e       0x33 Application\User\dma.o
 .ARM.attributes
                0x000000d1       0x33 Application\User\gpio.o
 .ARM.attributes
                0x00000104       0x33 Application\User\main.o
 .ARM.attributes
                0x00000137       0x33 Application\User\stm32f1xx_hal_msp.o
 .ARM.attributes
                0x0000016a       0x33 Application\User\stm32f1xx_it.o
 .ARM.attributes
                0x0000019d       0x33 Application\User\tim.o
 .ARM.attributes
                0x000001d0       0x33 Application\User\usart.o
 .ARM.attributes
                0x00000203       0x33 Drivers\CMSIS\system_stm32f1xx.o
 .ARM.attributes
                0x00000236       0x33 Drivers\STM32F1xx_HAL_Driver\stm32f1xx_hal.o
 .ARM.attributes
                0x00000269       0x33 Drivers\STM32F1xx_HAL_Driver\stm32f1xx_hal_adc.o
 .ARM.attributes
                0x0000029c       0x33 Drivers\STM32F1xx_HAL_Driver\stm32f1xx_hal_adc_ex.o
 .ARM.attributes
                0x000002cf       0x33 Drivers\STM32F1xx_HAL_Driver\stm32f1xx_hal_cortex.o
 .ARM.attributes
                0x00000302       0x33 Drivers\STM32F1xx_HAL_Driver\stm32f1xx_hal_dma.o
 .ARM.attributes
                0x00000335       0x33 Drivers\STM32F1xx_HAL_Driver\stm32f1xx_hal_gpio.o
 .ARM.attributes
                0x00000368       0x33 Drivers\STM32F1xx_HAL_Driver\stm32f1xx_hal_pwr.o
 .ARM.attributes
                0x0000039b       0x33 Drivers\STM32F1xx_HAL_Driver\stm32f1xx_hal_rcc.o
 .ARM.attributes
                0x000003ce       0x33 Drivers\STM32F1xx_HAL_Driver\stm32f1xx_hal_rcc_ex.o
 .ARM.attributes
                0x00000401       0x33 Drivers\STM32F1xx_HAL_Driver\stm32f1xx_hal_tim.o
 .ARM.attributes
                0x00000434       0x33 Drivers\STM32F1xx_HAL_Driver\stm32f1xx_hal_tim_ex.o
 .ARM.attributes
                0x00000467       0x33 Drivers\STM32F1xx_HAL_Driver\stm32f1xx_hal_uart.o
 .ARM.attributes
                0x0000049a       0x2d c:/program files (x86)/atollic/truestudio for stm32 9.0.0/armtools/bin/../lib/gcc/arm-atollic-eabi/6.3.1/../../../../arm-atollic-eabi/lib/armv7-m\libc_nano.a(lib_a-init.o)
 .ARM.attributes
                0x000004c7       0x1d c:/program files (x86)/atollic/truestudio for stm32 9.0.0/armtools/bin/../lib/gcc/arm-atollic-eabi/6.3.1/armv7-m/crtn.o
OUTPUT(Robot3_F103RB_origin.elf elf32-littlearm)

.debug_line     0x00000000     0x9c32
 .debug_line    0x00000000       0x78 Application\TrueSTUDIO\startup_stm32f103xb.o
 .debug_line    0x00000078      0x358 Application\User\adc.o
 .debug_line    0x000003d0      0x249 Application\User\dma.o
 .debug_line    0x00000619      0x2b1 Application\User\gpio.o
 .debug_line    0x000008ca      0x7b2 Application\User\main.o
 .debug_line    0x0000107c      0x25e Application\User\stm32f1xx_hal_msp.o
 .debug_line    0x000012da      0x349 Application\User\stm32f1xx_it.o
 .debug_line    0x00001623      0x3ea Application\User\tim.o
 .debug_line    0x00001a0d      0x324 Application\User\usart.o
 .debug_line    0x00001d31      0x2a1 Drivers\CMSIS\system_stm32f1xx.o
 .debug_line    0x00001fd2      0x482 Drivers\STM32F1xx_HAL_Driver\stm32f1xx_hal.o
 .debug_line    0x00002454      0xac7 Drivers\STM32F1xx_HAL_Driver\stm32f1xx_hal_adc.o
 .debug_line    0x00002f1b      0x852 Drivers\STM32F1xx_HAL_Driver\stm32f1xx_hal_adc_ex.o
 .debug_line    0x0000376d      0x59f Drivers\STM32F1xx_HAL_Driver\stm32f1xx_hal_cortex.o
 .debug_line    0x00003d0c      0x7e3 Drivers\STM32F1xx_HAL_Driver\stm32f1xx_hal_dma.o
 .debug_line    0x000044ef      0x625 Drivers\STM32F1xx_HAL_Driver\stm32f1xx_hal_gpio.o
 .debug_line    0x00004b14      0x4ef Drivers\STM32F1xx_HAL_Driver\stm32f1xx_hal_pwr.o
 .debug_line    0x00005003      0x779 Drivers\STM32F1xx_HAL_Driver\stm32f1xx_hal_rcc.o
 .debug_line    0x0000577c      0x3e4 Drivers\STM32F1xx_HAL_Driver\stm32f1xx_hal_rcc_ex.o
 .debug_line    0x00005b60     0x27d2 Drivers\STM32F1xx_HAL_Driver\stm32f1xx_hal_tim.o
 .debug_line    0x00008332      0xc1f Drivers\STM32F1xx_HAL_Driver\stm32f1xx_hal_tim_ex.o
 .debug_line    0x00008f51      0xce1 Drivers\STM32F1xx_HAL_Driver\stm32f1xx_hal_uart.o

.debug_info     0x00000000    0x17fa8
 .debug_info    0x00000000       0xab Application\TrueSTUDIO\startup_stm32f103xb.o
 .debug_info    0x000000ab     0x114b Application\User\adc.o
 .debug_info    0x000011f6      0xb3a Application\User\dma.o
 .debug_info    0x00001d30      0xb3b Application\User\gpio.o
 .debug_info    0x0000286b     0x1c45 Application\User\main.o
 .debug_info    0x000044b0      0xbc2 Application\User\stm32f1xx_hal_msp.o
 .debug_info    0x00005072     0x1210 Application\User\stm32f1xx_it.o
 .debug_info    0x00006282     0x147e Application\User\tim.o
 .debug_info    0x00007700     0x111d Application\User\usart.o
 .debug_info    0x0000881d      0xc04 Drivers\CMSIS\system_stm32f1xx.o
 .debug_info    0x00009421      0xeec Drivers\STM32F1xx_HAL_Driver\stm32f1xx_hal.o
 .debug_info    0x0000a30d     0x1419 Drivers\STM32F1xx_HAL_Driver\stm32f1xx_hal_adc.o
 .debug_info    0x0000b726     0x11b3 Drivers\STM32F1xx_HAL_Driver\stm32f1xx_hal_adc_ex.o
 .debug_info    0x0000c8d9     0x1303 Drivers\STM32F1xx_HAL_Driver\stm32f1xx_hal_cortex.o
 .debug_info    0x0000dbdc      0xf6c Drivers\STM32F1xx_HAL_Driver\stm32f1xx_hal_dma.o
 .debug_info    0x0000eb48      0xe66 Drivers\STM32F1xx_HAL_Driver\stm32f1xx_hal_gpio.o
 .debug_info    0x0000f9ae      0xf37 Drivers\STM32F1xx_HAL_Driver\stm32f1xx_hal_pwr.o
 .debug_info    0x000108e5      0xfe2 Drivers\STM32F1xx_HAL_Driver\stm32f1xx_hal_rcc.o
 .debug_info    0x000118c7      0xc04 Drivers\STM32F1xx_HAL_Driver\stm32f1xx_hal_rcc_ex.o
 .debug_info    0x000124cb     0x29cb Drivers\STM32F1xx_HAL_Driver\stm32f1xx_hal_tim.o
 .debug_info    0x00014e96     0x177b Drivers\STM32F1xx_HAL_Driver\stm32f1xx_hal_tim_ex.o
 .debug_info    0x00016611     0x1997 Drivers\STM32F1xx_HAL_Driver\stm32f1xx_hal_uart.o

.debug_abbrev   0x00000000     0x30b3
 .debug_abbrev  0x00000000       0x12 Application\TrueSTUDIO\startup_stm32f103xb.o
 .debug_abbrev  0x00000012      0x205 Application\User\adc.o
 .debug_abbrev  0x00000217      0x1be Application\User\dma.o
 .debug_abbrev  0x000003d5      0x1c0 Application\User\gpio.o
 .debug_abbrev  0x00000595      0x2ee Application\User\main.o
 .debug_abbrev  0x00000883      0x1c9 Application\User\stm32f1xx_hal_msp.o
 .debug_abbrev  0x00000a4c      0x1ac Application\User\stm32f1xx_it.o
 .debug_abbrev  0x00000bf8      0x246 Application\User\tim.o
 .debug_abbrev  0x00000e3e      0x1ff Application\User\usart.o
 .debug_abbrev  0x0000103d      0x1eb Drivers\CMSIS\system_stm32f1xx.o
 .debug_abbrev  0x00001228      0x2ab Drivers\STM32F1xx_HAL_Driver\stm32f1xx_hal.o
 .debug_abbrev  0x000014d3      0x232 Drivers\STM32F1xx_HAL_Driver\stm32f1xx_hal_adc.o
 .debug_abbrev  0x00001705      0x236 Drivers\STM32F1xx_HAL_Driver\stm32f1xx_hal_adc_ex.o
 .debug_abbrev  0x0000193b      0x34e Drivers\STM32F1xx_HAL_Driver\stm32f1xx_hal_cortex.o
 .debug_abbrev  0x00001c89      0x26a Drivers\STM32F1xx_HAL_Driver\stm32f1xx_hal_dma.o
 .debug_abbrev  0x00001ef3      0x24c Drivers\STM32F1xx_HAL_Driver\stm32f1xx_hal_gpio.o
 .debug_abbrev  0x0000213f      0x2a4 Drivers\STM32F1xx_HAL_Driver\stm32f1xx_hal_pwr.o
 .debug_abbrev  0x000023e3      0x2cc Drivers\STM32F1xx_HAL_Driver\stm32f1xx_hal_rcc.o
 .debug_abbrev  0x000026af      0x223 Drivers\STM32F1xx_HAL_Driver\stm32f1xx_hal_rcc_ex.o
 .debug_abbrev  0x000028d2      0x2ab Drivers\STM32F1xx_HAL_Driver\stm32f1xx_hal_tim.o
 .debug_abbrev  0x00002b7d      0x288 Drivers\STM32F1xx_HAL_Driver\stm32f1xx_hal_tim_ex.o
 .debug_abbrev  0x00002e05      0x2ae Drivers\STM32F1xx_HAL_Driver\stm32f1xx_hal_uart.o

.debug_aranges  0x00000000      0xe30
 .debug_aranges
                0x00000000       0x28 Application\TrueSTUDIO\startup_stm32f103xb.o
 .debug_aranges
                0x00000028       0x30 Application\User\adc.o
 .debug_aranges
                0x00000058       0x20 Application\User\dma.o
 .debug_aranges
                0x00000078       0x20 Application\User\gpio.o
 .debug_aranges
                0x00000098       0x90 Application\User\main.o
 .debug_aranges
                0x00000128       0x20 Application\User\stm32f1xx_hal_msp.o
 .debug_aranges
                0x00000148       0x48 Application\User\stm32f1xx_it.o
 .debug_aranges
                0x00000190       0x58 Application\User\tim.o
 .debug_aranges
                0x000001e8       0x30 Application\User\usart.o
 .debug_aranges
                0x00000218       0x28 Drivers\CMSIS\system_stm32f1xx.o
 .debug_aranges
                0x00000240       0xd0 Drivers\STM32F1xx_HAL_Driver\stm32f1xx_hal.o
 .debug_aranges
                0x00000310       0xf0 Drivers\STM32F1xx_HAL_Driver\stm32f1xx_hal_adc.o
 .debug_aranges
                0x00000400       0x80 Drivers\STM32F1xx_HAL_Driver\stm32f1xx_hal_adc_ex.o
 .debug_aranges
                0x00000480      0x100 Drivers\STM32F1xx_HAL_Driver\stm32f1xx_hal_cortex.o
 .debug_aranges
                0x00000580       0x80 Drivers\STM32F1xx_HAL_Driver\stm32f1xx_hal_dma.o
 .debug_aranges
                0x00000600       0x58 Drivers\STM32F1xx_HAL_Driver\stm32f1xx_hal_gpio.o
 .debug_aranges
                0x00000658       0xa8 Drivers\STM32F1xx_HAL_Driver\stm32f1xx_hal_pwr.o
 .debug_aranges
                0x00000700       0x90 Drivers\STM32F1xx_HAL_Driver\stm32f1xx_hal_rcc.o
 .debug_aranges
                0x00000790       0x30 Drivers\STM32F1xx_HAL_Driver\stm32f1xx_hal_rcc_ex.o
 .debug_aranges
                0x000007c0      0x368 Drivers\STM32F1xx_HAL_Driver\stm32f1xx_hal_tim.o
 .debug_aranges
                0x00000b28      0x138 Drivers\STM32F1xx_HAL_Driver\stm32f1xx_hal_tim_ex.o
 .debug_aranges
                0x00000c60      0x1d0 Drivers\STM32F1xx_HAL_Driver\stm32f1xx_hal_uart.o

.debug_ranges   0x00000000      0xcd8
 .debug_ranges  0x00000000       0x20 Application\TrueSTUDIO\startup_stm32f103xb.o
 .debug_ranges  0x00000020       0x20 Application\User\adc.o
 .debug_ranges  0x00000040       0x10 Application\User\dma.o
 .debug_ranges  0x00000050       0x10 Application\User\gpio.o
 .debug_ranges  0x00000060       0x80 Application\User\main.o
 .debug_ranges  0x000000e0       0x10 Application\User\stm32f1xx_hal_msp.o
 .debug_ranges  0x000000f0       0x38 Application\User\stm32f1xx_it.o
 .debug_ranges  0x00000128       0x48 Application\User\tim.o
 .debug_ranges  0x00000170       0x20 Application\User\usart.o
 .debug_ranges  0x00000190       0x18 Drivers\CMSIS\system_stm32f1xx.o
 .debug_ranges  0x000001a8       0xc0 Drivers\STM32F1xx_HAL_Driver\stm32f1xx_hal.o
 .debug_ranges  0x00000268       0xe0 Drivers\STM32F1xx_HAL_Driver\stm32f1xx_hal_adc.o
 .debug_ranges  0x00000348       0x70 Drivers\STM32F1xx_HAL_Driver\stm32f1xx_hal_adc_ex.o
 .debug_ranges  0x000003b8       0xf0 Drivers\STM32F1xx_HAL_Driver\stm32f1xx_hal_cortex.o
 .debug_ranges  0x000004a8       0x70 Drivers\STM32F1xx_HAL_Driver\stm32f1xx_hal_dma.o
 .debug_ranges  0x00000518       0x48 Drivers\STM32F1xx_HAL_Driver\stm32f1xx_hal_gpio.o
 .debug_ranges  0x00000560       0x98 Drivers\STM32F1xx_HAL_Driver\stm32f1xx_hal_pwr.o
 .debug_ranges  0x000005f8       0x80 Drivers\STM32F1xx_HAL_Driver\stm32f1xx_hal_rcc.o
 .debug_ranges  0x00000678       0x20 Drivers\STM32F1xx_HAL_Driver\stm32f1xx_hal_rcc_ex.o
 .debug_ranges  0x00000698      0x358 Drivers\STM32F1xx_HAL_Driver\stm32f1xx_hal_tim.o
 .debug_ranges  0x000009f0      0x128 Drivers\STM32F1xx_HAL_Driver\stm32f1xx_hal_tim_ex.o
 .debug_ranges  0x00000b18      0x1c0 Drivers\STM32F1xx_HAL_Driver\stm32f1xx_hal_uart.o

.debug_str      0x00000000     0x41bc
 .debug_str     0x00000000      0xca0 Application\User\adc.o
                                0xdae (size before relaxing)
 .debug_str     0x00000ca0       0x1f Application\User\dma.o
                                0x974 (size before relaxing)
 .debug_str     0x00000cbf       0x3d Application\User\gpio.o
                                0x719 (size before relaxing)
 .debug_str     0x00000cfc      0x812 Application\User\main.o
                               0x14b3 (size before relaxing)
 .debug_str     0x0000150e       0x5b Application\User\stm32f1xx_hal_msp.o
                                0x9b0 (size before relaxing)
 .debug_str     0x00001569       0x8e Application\User\stm32f1xx_it.o
                                0xd40 (size before relaxing)
 .debug_str     0x000015f7      0x25d Application\User\tim.o
                               0x1035 (size before relaxing)
 .debug_str     0x00001854       0x58 Application\User\usart.o
                                0xdd1 (size before relaxing)
 .debug_str     0x000018ac       0xa7 Drivers\CMSIS\system_stm32f1xx.o
                                0x730 (size before relaxing)
 .debug_str     0x00001953      0x2d0 Drivers\STM32F1xx_HAL_Driver\stm32f1xx_hal.o
                                0xc67 (size before relaxing)
 .debug_str     0x00001c23      0x26e Drivers\STM32F1xx_HAL_Driver\stm32f1xx_hal_adc.o
                                0xce5 (size before relaxing)
 .debug_str     0x00001e91      0x2ba Drivers\STM32F1xx_HAL_Driver\stm32f1xx_hal_adc_ex.o
                                0xc95 (size before relaxing)
 .debug_str     0x0000214b      0x2ce Drivers\STM32F1xx_HAL_Driver\stm32f1xx_hal_cortex.o
                                0xd5a (size before relaxing)
 .debug_str     0x00002419      0x245 Drivers\STM32F1xx_HAL_Driver\stm32f1xx_hal_dma.o
                                0xab2 (size before relaxing)
 .debug_str     0x0000265e      0x124 Drivers\STM32F1xx_HAL_Driver\stm32f1xx_hal_gpio.o
                                0x8c7 (size before relaxing)
 .debug_str     0x00002782      0x241 Drivers\STM32F1xx_HAL_Driver\stm32f1xx_hal_pwr.o
                                0x95c (size before relaxing)
 .debug_str     0x000029c3      0x1fa Drivers\STM32F1xx_HAL_Driver\stm32f1xx_hal_rcc.o
                                0xa77 (size before relaxing)
 .debug_str     0x00002bbd       0xbf Drivers\STM32F1xx_HAL_Driver\stm32f1xx_hal_rcc_ex.o
                                0x861 (size before relaxing)
 .debug_str     0x00002c7c      0xb5e Drivers\STM32F1xx_HAL_Driver\stm32f1xx_hal_tim.o
                               0x17a1 (size before relaxing)
 .debug_str     0x000037da      0x4e3 Drivers\STM32F1xx_HAL_Driver\stm32f1xx_hal_tim_ex.o
                               0x103e (size before relaxing)
 .debug_str     0x00003cbd      0x4ff Drivers\STM32F1xx_HAL_Driver\stm32f1xx_hal_uart.o
                                0xfa9 (size before relaxing)

.comment        0x00000000       0x7c
 .comment       0x00000000       0x7c Application\User\adc.o
                                 0x7d (size before relaxing)
 .comment       0x0000007c       0x7d Application\User\dma.o
 .comment       0x0000007c       0x7d Application\User\gpio.o
 .comment       0x0000007c       0x7d Application\User\main.o
 .comment       0x0000007c       0x7d Application\User\stm32f1xx_hal_msp.o
 .comment       0x0000007c       0x7d Application\User\stm32f1xx_it.o
 .comment       0x0000007c       0x7d Application\User\tim.o
 .comment       0x0000007c       0x7d Application\User\usart.o
 .comment       0x0000007c       0x7d Drivers\CMSIS\system_stm32f1xx.o
 .comment       0x0000007c       0x7d Drivers\STM32F1xx_HAL_Driver\stm32f1xx_hal.o
 .comment       0x0000007c       0x7d Drivers\STM32F1xx_HAL_Driver\stm32f1xx_hal_adc.o
 .comment       0x0000007c       0x7d Drivers\STM32F1xx_HAL_Driver\stm32f1xx_hal_adc_ex.o
 .comment       0x0000007c       0x7d Drivers\STM32F1xx_HAL_Driver\stm32f1xx_hal_cortex.o
 .comment       0x0000007c       0x7d Drivers\STM32F1xx_HAL_Driver\stm32f1xx_hal_dma.o
 .comment       0x0000007c       0x7d Drivers\STM32F1xx_HAL_Driver\stm32f1xx_hal_gpio.o
 .comment       0x0000007c       0x7d Drivers\STM32F1xx_HAL_Driver\stm32f1xx_hal_pwr.o
 .comment       0x0000007c       0x7d Drivers\STM32F1xx_HAL_Driver\stm32f1xx_hal_rcc.o
 .comment       0x0000007c       0x7d Drivers\STM32F1xx_HAL_Driver\stm32f1xx_hal_rcc_ex.o
 .comment       0x0000007c       0x7d Drivers\STM32F1xx_HAL_Driver\stm32f1xx_hal_tim.o
 .comment       0x0000007c       0x7d Drivers\STM32F1xx_HAL_Driver\stm32f1xx_hal_tim_ex.o
 .comment       0x0000007c       0x7d Drivers\STM32F1xx_HAL_Driver\stm32f1xx_hal_uart.o

.debug_frame    0x00000000     0x387c
 .debug_frame   0x00000000       0x7c Application\User\adc.o
 .debug_frame   0x0000007c       0x34 Application\User\dma.o
 .debug_frame   0x000000b0       0x34 Application\User\gpio.o
 .debug_frame   0x000000e4      0x214 Application\User\main.o
 .debug_frame   0x000002f8       0x34 Application\User\stm32f1xx_hal_msp.o
 .debug_frame   0x0000032c       0xb8 Application\User\stm32f1xx_it.o
 .debug_frame   0x000003e4      0x130 Application\User\tim.o
 .debug_frame   0x00000514       0x74 Application\User\usart.o
 .debug_frame   0x00000588       0x58 Drivers\CMSIS\system_stm32f1xx.o
 .debug_frame   0x000005e0      0x2fc Drivers\STM32F1xx_HAL_Driver\stm32f1xx_hal.o
 .debug_frame   0x000008dc      0x408 Drivers\STM32F1xx_HAL_Driver\stm32f1xx_hal_adc.o
 .debug_frame   0x00000ce4      0x1f8 Drivers\STM32F1xx_HAL_Driver\stm32f1xx_hal_adc_ex.o
 .debug_frame   0x00000edc      0x424 Drivers\STM32F1xx_HAL_Driver\stm32f1xx_hal_cortex.o
 .debug_frame   0x00001300      0x200 Drivers\STM32F1xx_HAL_Driver\stm32f1xx_hal_dma.o
 .debug_frame   0x00001500      0x138 Drivers\STM32F1xx_HAL_Driver\stm32f1xx_hal_gpio.o
 .debug_frame   0x00001638      0x260 Drivers\STM32F1xx_HAL_Driver\stm32f1xx_hal_pwr.o
 .debug_frame   0x00001898      0x218 Drivers\STM32F1xx_HAL_Driver\stm32f1xx_hal_rcc.o
 .debug_frame   0x00001ab0       0x84 Drivers\STM32F1xx_HAL_Driver\stm32f1xx_hal_rcc_ex.o
 .debug_frame   0x00001b34      0xfb0 Drivers\STM32F1xx_HAL_Driver\stm32f1xx_hal_tim.o
 .debug_frame   0x00002ae4      0x53c Drivers\STM32F1xx_HAL_Driver\stm32f1xx_hal_tim_ex.o
 .debug_frame   0x00003020      0x830 Drivers\STM32F1xx_HAL_Driver\stm32f1xx_hal_uart.o
 .debug_frame   0x00003850       0x2c c:/program files (x86)/atollic/truestudio for stm32 9.0.0/armtools/bin/../lib/gcc/arm-atollic-eabi/6.3.1/../../../../arm-atollic-eabi/lib/armv7-m\libc_nano.a(lib_a-init.o)
